Mar 22 06:50:59 capstonealzheimer CRON[28984]: (CRON) info (No MTA installed, discarding output)
Mar 22 07:17:01 capstonealzheimer CRON[31316]: (root) CMD (   cd / && run-parts --report /etc/cron.hourly)
Mar 22 08:17:01 capstonealzheimer CRON[2721]: (root) CMD (   cd / && run-parts --report /etc/cron.hourly)
Mar 22 09:17:02 capstonealzheimer CRON[3477]: (root) CMD (   cd / && run-parts --report /etc/cron.hourly)
Mar 22 10:17:01 capstonealzheimer CRON[4307]: (root) CMD (   cd / && run-parts --report /etc/cron.hourly)
Mar 22 11:17:02 capstonealzheimer CRON[7724]: (root) CMD (   cd / && run-parts --report /etc/cron.hourly)
Mar 22 12:17:01 capstonealzheimer CRON[8591]: (root) CMD (   cd / && run-parts --report /etc/cron.hourly)
Mar 22 13:17:01 capstonealzheimer CRON[10022]: (root) CMD (   cd / && run-parts --report /etc/cron.hourly)
Mar 22 14:17:02 capstonealzheimer CRON[13558]: (root) CMD (   cd / && run-parts --report /etc/cron.hourly)
Mar 22 15:17:02 capstonealzheimer CRON[17313]: (root) CMD (   cd / && run-parts --report /etc/cron.hourly)
Mar 22 16:17:02 capstonealzheimer CRON[21395]: (root) CMD (   cd / && run-parts --report /etc/cron.hourly)
Mar 22 17:17:01 capstonealzheimer CRON[25001]: (root) CMD (   cd / && run-parts --report /etc/cron.hourly)
Mar 22 18:17:02 capstonealzheimer CRON[28771]: (root) CMD (   cd / && run-parts --report /etc/cron.hourly)
Mar 22 18:17:17 capstonealzheimer kernel: [10295736.887716] type=1400 audit(1458685037.592:32): apparmor="STATUS" operation="profile_replace" profile="unconfined" name="/usr/sbin/mysqld" pid=28795 comm="apparmor_parser"
Mar 22 18:17:21 capstonealzheimer /etc/mysql/debian-start[28857]: Upgrading MySQL tables if necessary.
Mar 22 18:17:22 capstonealzheimer /etc/mysql/debian-start[28861]: /usr/bin/mysql_upgrade: the '--basedir' option is always ignored
Mar 22 18:17:22 capstonealzheimer /etc/mysql/debian-start[28861]: Looking for 'mysql' as: /usr/bin/mysql
Mar 22 18:17:22 capstonealzheimer /etc/mysql/debian-start[28861]: Looking for 'mysqlcheck' as: /usr/bin/mysqlcheck
Mar 22 18:17:22 capstonealzheimer /etc/mysql/debian-start[28861]: This installation of MySQL is already upgraded to 5.5.46, use --force if you still need to run mysql_upgrade
Mar 22 18:17:22 capstonealzheimer /etc/mysql/debian-start[28874]: Checking for insecure root accounts.
Mar 22 18:17:22 capstonealzheimer /etc/mysql/debian-start[28880]: Triggering myisam-recover for all MyISAM tables
Mar 22 18:26:13 capstonealzheimer rsyslogd: [origin software="rsyslogd" swVersion="7.4.4" x-pid="778" x-info="http://www.rsyslog.com"] start
Mar 22 18:26:13 capstonealzheimer rsyslogd-2307: warning: ~ action is deprecated, consider using the 'stop' statement instead [try http://www.rsyslog.com/e/2307 ]
Mar 22 18:26:13 capstonealzheimer rsyslogd: rsyslogd's groupid changed to 104
Mar 22 18:26:13 capstonealzheimer rsyslogd: rsyslogd's userid changed to 101
Mar 22 18:26:13 capstonealzheimer kernel: [    0.000000] Initializing cgroup subsys cpuset
Mar 22 18:26:13 capstonealzheimer kernel: [    0.000000] Initializing cgroup subsys cpu
Mar 22 18:26:13 capstonealzheimer kernel: [    0.000000] Initializing cgroup subsys cpuacct
Mar 22 18:26:13 capstonealzheimer kernel: [    0.000000] Linux version 3.13.0-57-generic (buildd@brownie) (gcc version 4.8.2 (Ubuntu 4.8.2-19ubuntu1) ) #95-Ubuntu SMP Fri Jun 19 09:28:15 UTC 2015 (Ubuntu 3.13.0-57.95-generic 3.13.11-ckt21)
Mar 22 18:26:13 capstonealzheimer kernel: [    0.000000] Command line: root=LABEL=DOROOT ro
Mar 22 18:26:13 capstonealzheimer kernel: [    0.000000] KERNEL supported cpus:
Mar 22 18:26:13 capstonealzheimer kernel: [    0.000000]   Intel GenuineIntel
Mar 22 18:26:13 capstonealzheimer kernel: [    0.000000]   AMD AuthenticAMD
Mar 22 18:26:13 capstonealzheimer kernel: [    0.000000]   Centaur CentaurHauls
Mar 22 18:26:13 capstonealzheimer kernel: [    0.000000] e820: BIOS-provided physical RAM map:
Mar 22 18:26:13 capstonealzheimer kernel: [    0.000000] BIOS-e820: [mem 0x0000000000000000-0x000000000009fbff] usable
Mar 22 18:26:13 capstonealzheimer kernel: [    0.000000] BIOS-e820: [mem 0x000000000009fc00-0x000000000009ffff] reserved
Mar 22 18:26:13 capstonealzheimer kernel: [    0.000000] BIOS-e820: [mem 0x00000000000f0000-0x00000000000fffff] reserved
Mar 22 18:26:13 capstonealzheimer kernel: [    0.000000] BIOS-e820: [mem 0x0000000000100000-0x000000001fffdfff] usable
Mar 22 18:26:13 capstonealzheimer kernel: [    0.000000] BIOS-e820: [mem 0x000000001fffe000-0x000000001fffffff] reserved
Mar 22 18:26:13 capstonealzheimer kernel: [    0.000000] BIOS-e820: [mem 0x00000000feffc000-0x00000000feffffff] reserved
Mar 22 18:26:13 capstonealzheimer kernel: [    0.000000] BIOS-e820: [mem 0x00000000fffc0000-0x00000000ffffffff] reserved
Mar 22 18:26:13 capstonealzheimer kernel: [    0.000000] NX (Execute Disable) protection: active
Mar 22 18:26:13 capstonealzheimer kernel: [    0.000000] SMBIOS 2.4 present.
Mar 22 18:26:13 capstonealzheimer kernel: [    0.000000] DMI: Bochs Bochs, BIOS Bochs 01/01/2011
Mar 22 18:26:13 capstonealzheimer kernel: [    0.000000] Hypervisor detected: KVM
Mar 22 18:26:13 capstonealzheimer kernel: [    0.000000] e820: update [mem 0x00000000-0x00000fff] usable ==> reserved
Mar 22 18:26:13 capstonealzheimer kernel: [    0.000000] e820: remove [mem 0x000a0000-0x000fffff] usable
Mar 22 18:26:13 capstonealzheimer kernel: [    0.000000] No AGP bridge found
Mar 22 18:26:13 capstonealzheimer kernel: [    0.000000] e820: last_pfn = 0x1fffe max_arch_pfn = 0x400000000
Mar 22 18:26:13 capstonealzheimer kernel: [    0.000000] MTRR default type: write-back
Mar 22 18:26:13 capstonealzheimer kernel: [    0.000000] MTRR fixed ranges enabled:
Mar 22 18:26:13 capstonealzheimer kernel: [    0.000000]   00000-9FFFF write-back
Mar 22 18:26:13 capstonealzheimer kernel: [    0.000000]   A0000-BFFFF uncachable
Mar 22 18:26:13 capstonealzheimer kernel: [    0.000000]   C0000-FFFFF write-protect
Mar 22 18:26:13 capstonealzheimer kernel: [    0.000000] MTRR variable ranges enabled:
Mar 22 18:26:13 capstonealzheimer kernel: [    0.000000]   0 base 0080000000 mask FF80000000 uncachable
Mar 22 18:26:13 capstonealzheimer kernel: [    0.000000]   1 disabled
Mar 22 18:26:13 capstonealzheimer kernel: [    0.000000]   2 disabled
Mar 22 18:26:13 capstonealzheimer kernel: [    0.000000]   3 disabled
Mar 22 18:26:13 capstonealzheimer kernel: [    0.000000]   4 disabled
Mar 22 18:26:13 capstonealzheimer kernel: [    0.000000]   5 disabled
Mar 22 18:26:13 capstonealzheimer kernel: [    0.000000]   6 disabled
Mar 22 18:26:13 capstonealzheimer kernel: [    0.000000]   7 disabled
Mar 22 18:26:13 capstonealzheimer kernel: [    0.000000] x86 PAT enabled: cpu 0, old 0x7040600070406, new 0x7010600070106
Mar 22 18:26:13 capstonealzheimer kernel: [    0.000000] found SMP MP-table at [mem 0x000f1ae0-0x000f1aef] mapped at [ffff8800000f1ae0]
Mar 22 18:26:13 capstonealzheimer kernel: [    0.000000] Scanning 1 areas for low memory corruption
Mar 22 18:26:13 capstonealzheimer kernel: [    0.000000] Base memory trampoline at [ffff880000099000] 99000 size 24576
Mar 22 18:26:13 capstonealzheimer kernel: [    0.000000] Using GB pages for direct mapping
Mar 22 18:26:13 capstonealzheimer kernel: [    0.000000] init_memory_mapping: [mem 0x00000000-0x000fffff]
Mar 22 18:26:13 capstonealzheimer kernel: [    0.000000]  [mem 0x00000000-0x000fffff] page 4k
Mar 22 18:26:13 capstonealzheimer kernel: [    0.000000] BRK [0x01fe2000, 0x01fe2fff] PGTABLE
Mar 22 18:26:13 capstonealzheimer kernel: [    0.000000] BRK [0x01fe3000, 0x01fe3fff] PGTABLE
Mar 22 18:26:13 capstonealzheimer kernel: [    0.000000] BRK [0x01fe4000, 0x01fe4fff] PGTABLE
Mar 22 18:26:13 capstonealzheimer kernel: [    0.000000] init_memory_mapping: [mem 0x1ea00000-0x1ebfffff]
Mar 22 18:26:13 capstonealzheimer kernel: [    0.000000]  [mem 0x1ea00000-0x1ebfffff] page 2M
Mar 22 18:26:13 capstonealzheimer kernel: [    0.000000] init_memory_mapping: [mem 0x1c000000-0x1e9fffff]
Mar 22 18:26:13 capstonealzheimer kernel: [    0.000000]  [mem 0x1c000000-0x1e9fffff] page 2M
Mar 22 18:26:13 capstonealzheimer kernel: [    0.000000] init_memory_mapping: [mem 0x00100000-0x1bffffff]
Mar 22 18:26:13 capstonealzheimer kernel: [    0.000000]  [mem 0x00100000-0x001fffff] page 4k
Mar 22 18:26:13 capstonealzheimer kernel: [    0.000000]  [mem 0x00200000-0x1bffffff] page 2M
Mar 22 18:26:13 capstonealzheimer kernel: [    0.000000] init_memory_mapping: [mem 0x1ec00000-0x1fffdfff]
Mar 22 18:26:13 capstonealzheimer kernel: [    0.000000]  [mem 0x1ec00000-0x1fdfffff] page 2M
Mar 22 18:26:13 capstonealzheimer kernel: [    0.000000]  [mem 0x1fe00000-0x1fffdfff] page 4k
Mar 22 18:26:13 capstonealzheimer kernel: [    0.000000] BRK [0x01fe5000, 0x01fe5fff] PGTABLE
Mar 22 18:26:13 capstonealzheimer kernel: [    0.000000] RAMDISK: [mem 0x1ed7c000-0x1ffeffff]
Mar 22 18:26:13 capstonealzheimer kernel: [    0.000000] ACPI: RSDP 00000000000f1980 000014 (v00 BOCHS )
Mar 22 18:26:13 capstonealzheimer kernel: [    0.000000] ACPI: RSDT 000000001fffe450 000034 (v01 BOCHS  BXPCRSDT 00000001 BXPC 00000001)
Mar 22 18:26:13 capstonealzheimer kernel: [    0.000000] ACPI: FACP 000000001fffff80 000074 (v01 BOCHS  BXPCFACP 00000001 BXPC 00000001)
Mar 22 18:26:13 capstonealzheimer kernel: [    0.000000] ACPI: DSDT 000000001fffe490 001137 (v01 BOCHS  BXPCDSDT 00000001 BXPC 00000001)
Mar 22 18:26:13 capstonealzheimer kernel: [    0.000000] ACPI: FACS 000000001fffff40 000040
Mar 22 18:26:13 capstonealzheimer kernel: [    0.000000] ACPI: SSDT 000000001ffff700 000838 (v01 BOCHS  BXPCSSDT 00000001 BXPC 00000001)
Mar 22 18:26:13 capstonealzheimer kernel: [    0.000000] ACPI: APIC 000000001ffff610 000078 (v01 BOCHS  BXPCAPIC 00000001 BXPC 00000001)
Mar 22 18:26:13 capstonealzheimer kernel: [    0.000000] ACPI: HPET 000000001ffff5d0 000038 (v01 BOCHS  BXPCHPET 00000001 BXPC 00000001)
Mar 22 18:26:13 capstonealzheimer kernel: [    0.000000] ACPI: Local APIC address 0xfee00000
Mar 22 18:26:13 capstonealzheimer kernel: [    0.000000] No NUMA configuration found
Mar 22 18:26:13 capstonealzheimer kernel: [    0.000000] Faking a node at [mem 0x0000000000000000-0x000000001fffdfff]
Mar 22 18:26:13 capstonealzheimer kernel: [    0.000000] Initmem setup node 0 [mem 0x00000000-0x1fffdfff]
Mar 22 18:26:13 capstonealzheimer kernel: [    0.000000]   NODE_DATA [mem 0x1fff9000-0x1fffdfff]
Mar 22 18:26:13 capstonealzheimer kernel: [    0.000000] kvm-clock: Using msrs 4b564d01 and 4b564d00
Mar 22 18:26:13 capstonealzheimer kernel: [    0.000000] kvm-clock: cpu 0, msr 0:1fff5001, boot clock
Mar 22 18:26:13 capstonealzheimer kernel: [    0.000000]  [ffffea0000000000-ffffea00007fffff] PMD -> [ffff88001dc00000-ffff88001e3fffff] on node 0
Mar 22 18:26:13 capstonealzheimer kernel: [    0.000000] Zone ranges:
Mar 22 18:26:13 capstonealzheimer kernel: [    0.000000]   DMA      [mem 0x00001000-0x00ffffff]
Mar 22 18:26:13 capstonealzheimer kernel: [    0.000000]   DMA32    [mem 0x01000000-0xffffffff]
Mar 22 18:26:13 capstonealzheimer kernel: [    0.000000]   Normal   empty
Mar 22 18:26:13 capstonealzheimer kernel: [    0.000000] Movable zone start for each node
Mar 22 18:26:13 capstonealzheimer kernel: [    0.000000] Early memory node ranges
Mar 22 18:26:13 capstonealzheimer kernel: [    0.000000]   node   0: [mem 0x00001000-0x0009efff]
Mar 22 18:26:13 capstonealzheimer kernel: [    0.000000]   node   0: [mem 0x00100000-0x1fffdfff]
Mar 22 18:26:13 capstonealzheimer kernel: [    0.000000] On node 0 totalpages: 130972
Mar 22 18:26:13 capstonealzheimer kernel: [    0.000000]   DMA zone: 64 pages used for memmap
Mar 22 18:26:13 capstonealzheimer kernel: [    0.000000]   DMA zone: 21 pages reserved
Mar 22 18:26:13 capstonealzheimer kernel: [    0.000000]   DMA zone: 3998 pages, LIFO batch:0
Mar 22 18:26:13 capstonealzheimer kernel: [    0.000000]   DMA32 zone: 1984 pages used for memmap
Mar 22 18:26:13 capstonealzheimer kernel: [    0.000000]   DMA32 zone: 126974 pages, LIFO batch:31
Mar 22 18:26:13 capstonealzheimer kernel: [    0.000000] ACPI: PM-Timer IO Port: 0xb008
Mar 22 18:26:13 capstonealzheimer kernel: [    0.000000] ACPI: Local APIC address 0xfee00000
Mar 22 18:26:13 capstonealzheimer kernel: [    0.000000] ACPI: LAPIC (acpi_id[0x00] lapic_id[0x00] enabled)
Mar 22 18:26:13 capstonealzheimer kernel: [    0.000000] ACPI: LAPIC_NMI (acpi_id[0xff] dfl dfl lint[0x1])
Mar 22 18:26:13 capstonealzheimer kernel: [    0.000000] ACPI: IOAPIC (id[0x00] address[0xfec00000] gsi_base[0])
Mar 22 18:26:13 capstonealzheimer kernel: [    0.000000] IOAPIC[0]: apic_id 0, version 17, address 0xfec00000, GSI 0-23
Mar 22 18:26:13 capstonealzheimer kernel: [    0.000000] ACPI: INT_SRC_OVR (bus 0 bus_irq 0 global_irq 2 dfl dfl)
Mar 22 18:26:13 capstonealzheimer kernel: [    0.000000] ACPI: INT_SRC_OVR (bus 0 bus_irq 5 global_irq 5 high level)
Mar 22 18:26:13 capstonealzheimer kernel: [    0.000000] ACPI: INT_SRC_OVR (bus 0 bus_irq 9 global_irq 9 high level)
Mar 22 18:26:13 capstonealzheimer kernel: [    0.000000] ACPI: INT_SRC_OVR (bus 0 bus_irq 10 global_irq 10 high level)
Mar 22 18:26:13 capstonealzheimer kernel: [    0.000000] ACPI: INT_SRC_OVR (bus 0 bus_irq 11 global_irq 11 high level)
Mar 22 18:26:13 capstonealzheimer kernel: [    0.000000] ACPI: IRQ0 used by override.
Mar 22 18:26:13 capstonealzheimer kernel: [    0.000000] ACPI: IRQ2 used by override.
Mar 22 18:26:13 capstonealzheimer kernel: [    0.000000] ACPI: IRQ5 used by override.
Mar 22 18:26:13 capstonealzheimer kernel: [    0.000000] ACPI: IRQ9 used by override.
Mar 22 18:26:13 capstonealzheimer kernel: [    0.000000] ACPI: IRQ10 used by override.
Mar 22 18:26:13 capstonealzheimer kernel: [    0.000000] ACPI: IRQ11 used by override.
Mar 22 18:26:13 capstonealzheimer kernel: [    0.000000] Using ACPI (MADT) for SMP configuration information
Mar 22 18:26:13 capstonealzheimer kernel: [    0.000000] ACPI: HPET id: 0x8086a201 base: 0xfed00000
Mar 22 18:26:13 capstonealzheimer kernel: [    0.000000] smpboot: Allowing 1 CPUs, 0 hotplug CPUs
Mar 22 18:26:13 capstonealzheimer kernel: [    0.000000] nr_irqs_gsi: 40
Mar 22 18:26:13 capstonealzheimer kernel: [    0.000000] PM: Registered nosave memory: [mem 0x0009f000-0x0009ffff]
Mar 22 18:26:13 capstonealzheimer kernel: [    0.000000] PM: Registered nosave memory: [mem 0x000a0000-0x000effff]
Mar 22 18:26:13 capstonealzheimer kernel: [    0.000000] PM: Registered nosave memory: [mem 0x000f0000-0x000fffff]
Mar 22 18:26:13 capstonealzheimer kernel: [    0.000000] e820: [mem 0x20000000-0xfeffbfff] available for PCI devices
Mar 22 18:26:13 capstonealzheimer kernel: [    0.000000] Booting paravirtualized kernel on KVM
Mar 22 18:26:13 capstonealzheimer kernel: [    0.000000] setup_percpu: NR_CPUS:256 nr_cpumask_bits:256 nr_cpu_ids:1 nr_node_ids:1
Mar 22 18:26:13 capstonealzheimer kernel: [    0.000000] PERCPU: Embedded 27 pages/cpu @ffff88001ea00000 s81536 r8192 d20864 u2097152
Mar 22 18:26:13 capstonealzheimer kernel: [    0.000000] pcpu-alloc: s81536 r8192 d20864 u2097152 alloc=1*2097152
Mar 22 18:26:13 capstonealzheimer kernel: [    0.000000] pcpu-alloc: [0] 0 
Mar 22 18:26:13 capstonealzheimer kernel: [    0.000000] kvm-clock: cpu 0, msr 0:1fff5001, primary cpu clock
Mar 22 18:26:13 capstonealzheimer kernel: [    0.000000] KVM setup async PF for cpu 0
Mar 22 18:26:13 capstonealzheimer kernel: [    0.000000] kvm-stealtime: cpu 0, msr 1ea0d000
Mar 22 18:26:13 capstonealzheimer kernel: [    0.000000] Built 1 zonelists in Node order, mobility grouping on.  Total pages: 128903
Mar 22 18:26:13 capstonealzheimer kernel: [    0.000000] Policy zone: DMA32
Mar 22 18:26:13 capstonealzheimer kernel: [    0.000000] Kernel command line: root=LABEL=DOROOT ro
Mar 22 18:26:13 capstonealzheimer kernel: [    0.000000] PID hash table entries: 2048 (order: 2, 16384 bytes)
Mar 22 18:26:13 capstonealzheimer kernel: [    0.000000] xsave: enabled xstate_bv 0x7, cntxt size 0x340
Mar 22 18:26:13 capstonealzheimer kernel: [    0.000000] Checking aperture...
Mar 22 18:26:13 capstonealzheimer kernel: [    0.000000] No AGP bridge found
Mar 22 18:26:13 capstonealzheimer kernel: [    0.000000] Calgary: detecting Calgary via BIOS EBDA area
Mar 22 18:26:13 capstonealzheimer kernel: [    0.000000] Calgary: Unable to locate Rio Grande table in EBDA - bailing!
Mar 22 18:26:13 capstonealzheimer kernel: [    0.000000] Memory: 480052K/523888K available (7392K kernel code, 1146K rwdata, 3408K rodata, 1336K init, 1448K bss, 43836K reserved)
Mar 22 18:26:13 capstonealzheimer kernel: [    0.000000] SLUB: HWalign=64, Order=0-3, MinObjects=0, CPUs=1, Nodes=1
Mar 22 18:26:13 capstonealzheimer kernel: [    0.000000] Hierarchical RCU implementation.
Mar 22 18:26:13 capstonealzheimer kernel: [    0.000000] 	RCU dyntick-idle grace-period acceleration is enabled.
Mar 22 18:26:13 capstonealzheimer kernel: [    0.000000] 	RCU restricting CPUs from NR_CPUS=256 to nr_cpu_ids=1.
Mar 22 18:26:13 capstonealzheimer kernel: [    0.000000] 	Offload RCU callbacks from all CPUs
Mar 22 18:26:13 capstonealzheimer kernel: [    0.000000] 	Offload RCU callbacks from CPUs: 0.
Mar 22 18:26:13 capstonealzheimer kernel: [    0.000000] NR_IRQS:16640 nr_irqs:256 16
Mar 22 18:26:13 capstonealzheimer kernel: [    0.000000] Console: colour VGA+ 80x25
Mar 22 18:26:13 capstonealzheimer kernel: [    0.000000] console [tty0] enabled
Mar 22 18:26:13 capstonealzheimer kernel: [    0.000000] allocated 2097152 bytes of page_cgroup
Mar 22 18:26:13 capstonealzheimer kernel: [    0.000000] please try 'cgroup_disable=memory' option if you don't want memory cgroups
Mar 22 18:26:13 capstonealzheimer kernel: [    0.000000] hpet clockevent registered
Mar 22 18:26:13 capstonealzheimer kernel: [    0.000000] tsc: Detected 1999.999 MHz processor
Mar 22 18:26:13 capstonealzheimer kernel: [    0.012000] Calibrating delay loop (skipped) preset value.. 3999.99 BogoMIPS (lpj=7999996)
Mar 22 18:26:13 capstonealzheimer kernel: [    0.016117] pid_max: default: 32768 minimum: 301
Mar 22 18:26:13 capstonealzheimer kernel: [    0.020600] Security Framework initialized
Mar 22 18:26:13 capstonealzheimer kernel: [    0.028357] AppArmor: AppArmor initialized
Mar 22 18:26:13 capstonealzheimer kernel: [    0.032080] Yama: becoming mindful.
Mar 22 18:26:13 capstonealzheimer kernel: [    0.041125] Dentry cache hash table entries: 65536 (order: 7, 524288 bytes)
Mar 22 18:26:13 capstonealzheimer kernel: [    0.053243] Inode-cache hash table entries: 32768 (order: 6, 262144 bytes)
Mar 22 18:26:13 capstonealzheimer kernel: [    0.060641] Mount-cache hash table entries: 1024 (order: 1, 8192 bytes)
Mar 22 18:26:13 capstonealzheimer kernel: [    0.064117] Mountpoint-cache hash table entries: 1024 (order: 1, 8192 bytes)
Mar 22 18:26:13 capstonealzheimer kernel: [    0.073481] Initializing cgroup subsys memory
Mar 22 18:26:13 capstonealzheimer kernel: [    0.076159] Initializing cgroup subsys devices
Mar 22 18:26:13 capstonealzheimer kernel: [    0.080079] Initializing cgroup subsys freezer
Mar 22 18:26:13 capstonealzheimer kernel: [    0.084078] Initializing cgroup subsys blkio
Mar 22 18:26:13 capstonealzheimer kernel: [    0.088000] Initializing cgroup subsys perf_event
Mar 22 18:26:13 capstonealzheimer kernel: [    0.088084] Initializing cgroup subsys hugetlb
Mar 22 18:26:13 capstonealzheimer kernel: [    0.096438] mce: CPU supports 10 MCE banks
Mar 22 18:26:13 capstonealzheimer kernel: [    0.100674] Last level iTLB entries: 4KB 512, 2MB 0, 4MB 0
Mar 22 18:26:13 capstonealzheimer kernel: [    0.100674] Last level dTLB entries: 4KB 512, 2MB 32, 4MB 32
Mar 22 18:26:13 capstonealzheimer kernel: [    0.100674] tlb_flushall_shift: 5
Mar 22 18:26:13 capstonealzheimer kernel: [    0.405963] Freeing SMP alternatives memory: 32K (ffffffff81e6e000 - ffffffff81e76000)
Mar 22 18:26:13 capstonealzheimer kernel: [    0.478402] ACPI: Core revision 20131115
Mar 22 18:26:13 capstonealzheimer kernel: [    0.496000] ACPI: All ACPI Tables successfully acquired
Mar 22 18:26:13 capstonealzheimer kernel: [    0.504921] ftrace: allocating 28585 entries in 112 pages
Mar 22 18:26:13 capstonealzheimer kernel: [    0.616000] Enabling x2apic
Mar 22 18:26:13 capstonealzheimer kernel: [    0.616000] Enabled x2apic
Mar 22 18:26:13 capstonealzheimer kernel: [    0.616082] Switched APIC routing to physical x2apic.
Mar 22 18:26:13 capstonealzheimer kernel: [    0.644000] ..TIMER: vector=0x30 apic1=0 pin1=2 apic2=-1 pin2=-1
Mar 22 18:26:13 capstonealzheimer kernel: [    0.644115] smpboot: CPU0: Intel(R) Xeon(R) CPU E5-2630L 0 @ 2.00GHz (fam: 06, model: 2d, stepping: 07)
Mar 22 18:26:13 capstonealzheimer kernel: [    0.660482] TSC deadline timer enabled
Mar 22 18:26:13 capstonealzheimer kernel: [    0.660881] Performance Events: 16-deep LBR, SandyBridge events, Intel PMU driver.
Mar 22 18:26:13 capstonealzheimer kernel: [    0.676082] perf_event_intel: PEBS disabled due to CPU errata, please upgrade microcode
Mar 22 18:26:13 capstonealzheimer kernel: [    0.680201] ... version:                2
Mar 22 18:26:13 capstonealzheimer kernel: [    0.684043] ... bit width:              48
Mar 22 18:26:13 capstonealzheimer kernel: [    0.688083] ... generic registers:      4
Mar 22 18:26:13 capstonealzheimer kernel: [    0.692079] ... value mask:             0000ffffffffffff
Mar 22 18:26:13 capstonealzheimer kernel: [    0.696076] ... max period:             000000007fffffff
Mar 22 18:26:13 capstonealzheimer kernel: [    0.700047] ... fixed-purpose events:   3
Mar 22 18:26:13 capstonealzheimer kernel: [    0.704081] ... event mask:             000000070000000f
Mar 22 18:26:13 capstonealzheimer kernel: [    0.816799] KVM setup paravirtual spinlock
Mar 22 18:26:13 capstonealzheimer kernel: [    0.844119] x86: Booted up 1 node, 1 CPUs
Mar 22 18:26:13 capstonealzheimer kernel: [    0.848047] smpboot: Total of 1 processors activated (3999.99 BogoMIPS)
Mar 22 18:26:13 capstonealzheimer kernel: [    0.854718] NMI watchdog: enabled on all CPUs, permanently consumes one hw-PMU counter.
Mar 22 18:26:13 capstonealzheimer kernel: [    0.858241] devtmpfs: initialized
Mar 22 18:26:13 capstonealzheimer kernel: [    0.880405] EVM: security.selinux
Mar 22 18:26:13 capstonealzheimer kernel: [    0.884043] EVM: security.SMACK64
Mar 22 18:26:13 capstonealzheimer kernel: [    0.888117] EVM: security.ima
Mar 22 18:26:13 capstonealzheimer rsyslogd-2039: Could no open output pipe '/dev/xconsole': No such file or directory [try http://www.rsyslog.com/e/2039 ]
Mar 22 18:26:13 capstonealzheimer kernel: [    0.891115] EVM: security.capability
Mar 22 18:26:13 capstonealzheimer kernel: [    0.905244] pinctrl core: initialized pinctrl subsystem
Mar 22 18:26:13 capstonealzheimer kernel: [    0.909082] regulator-dummy: no parameters
Mar 22 18:26:13 capstonealzheimer kernel: [    0.913163] RTC time: 22:24:55, date: 03/22/16
Mar 22 18:26:13 capstonealzheimer kernel: [    0.916359] NET: Registered protocol family 16
Mar 22 18:26:13 capstonealzheimer kernel: [    0.921354] cpuidle: using governor ladder
Mar 22 18:26:13 capstonealzheimer kernel: [    0.924043] cpuidle: using governor menu
Mar 22 18:26:13 capstonealzheimer kernel: [    0.927115] ACPI: bus type PCI registered
Mar 22 18:26:13 capstonealzheimer kernel: [    0.928068] acpiphp: ACPI Hot Plug PCI Controller Driver version: 0.5
Mar 22 18:26:13 capstonealzheimer kernel: [    0.932440] PCI: Using configuration type 1 for base access
Mar 22 18:26:13 capstonealzheimer kernel: [    0.950121] bio: create slab <bio-0> at 0
Mar 22 18:26:13 capstonealzheimer kernel: [    0.955966] ACPI: Added _OSI(Module Device)
Mar 22 18:26:13 capstonealzheimer kernel: [    0.956085] ACPI: Added _OSI(Processor Device)
Mar 22 18:26:13 capstonealzheimer kernel: [    0.960163] ACPI: Added _OSI(3.0 _SCP Extensions)
Mar 22 18:26:13 capstonealzheimer kernel: [    0.964112] ACPI: Added _OSI(Processor Aggregator Device)
Mar 22 18:26:13 capstonealzheimer kernel: [    1.002554] ACPI: Interpreter enabled
Mar 22 18:26:13 capstonealzheimer kernel: [    1.004154] ACPI Exception: AE_NOT_FOUND, While evaluating Sleep State [\_S1_] (20131115/hwxface-580)
Mar 22 18:26:13 capstonealzheimer kernel: [    1.012117] ACPI Exception: AE_NOT_FOUND, While evaluating Sleep State [\_S2_] (20131115/hwxface-580)
Mar 22 18:26:13 capstonealzheimer kernel: [    1.020239] ACPI: (supports S0 S3 S4 S5)
Mar 22 18:26:13 capstonealzheimer kernel: [    1.024119] ACPI: Using IOAPIC for interrupt routing
Mar 22 18:26:13 capstonealzheimer kernel: [    1.028516] PCI: Using host bridge windows from ACPI; if necessary, use "pci=nocrs" and report a bug
Mar 22 18:26:13 capstonealzheimer kernel: [    1.036437] ACPI: No dock devices found.
Mar 22 18:26:13 capstonealzheimer kernel: [    1.093678] ACPI: PCI Root Bridge [PCI0] (domain 0000 [bus 00-ff])
Mar 22 18:26:13 capstonealzheimer kernel: [    1.097281] acpi PNP0A03:00: _OSC: OS supports [ASPM ClockPM Segments MSI]
Mar 22 18:26:13 capstonealzheimer kernel: [    1.100240] acpi PNP0A03:00: _OSC failed (AE_NOT_FOUND); disabling ASPM
Mar 22 18:26:13 capstonealzheimer kernel: [    1.105401] acpi PNP0A03:00: fail to add MMCONFIG information, can't access extended PCI configuration space under this bridge.
Mar 22 18:26:13 capstonealzheimer kernel: [    1.113726] acpiphp: Slot [3] registered
Mar 22 18:26:13 capstonealzheimer kernel: [    1.116599] acpiphp: Slot [4] registered
Mar 22 18:26:13 capstonealzheimer kernel: [    1.120443] acpiphp: Slot [5] registered
Mar 22 18:26:13 capstonealzheimer kernel: [    1.124438] acpiphp: Slot [6] registered
Mar 22 18:26:13 capstonealzheimer kernel: [    1.128439] acpiphp: Slot [7] registered
Mar 22 18:26:13 capstonealzheimer kernel: [    1.132720] acpiphp: Slot [8] registered
Mar 22 18:26:13 capstonealzheimer kernel: [    1.136400] acpiphp: Slot [9] registered
Mar 22 18:26:13 capstonealzheimer kernel: [    1.140470] acpiphp: Slot [10] registered
Mar 22 18:26:13 capstonealzheimer kernel: [    1.144442] acpiphp: Slot [11] registered
Mar 22 18:26:13 capstonealzheimer kernel: [    1.148321] acpiphp: Slot [12] registered
Mar 22 18:26:13 capstonealzheimer kernel: [    1.152326] acpiphp: Slot [13] registered
Mar 22 18:26:13 capstonealzheimer kernel: [    1.156469] acpiphp: Slot [14] registered
Mar 22 18:26:13 capstonealzheimer kernel: [    1.160354] acpiphp: Slot [15] registered
Mar 22 18:26:13 capstonealzheimer kernel: [    1.164353] acpiphp: Slot [16] registered
Mar 22 18:26:13 capstonealzheimer kernel: [    1.168526] acpiphp: Slot [17] registered
Mar 22 18:26:13 capstonealzheimer kernel: [    1.172358] acpiphp: Slot [18] registered
Mar 22 18:26:13 capstonealzheimer kernel: [    1.176474] acpiphp: Slot [19] registered
Mar 22 18:26:13 capstonealzheimer kernel: [    1.180404] acpiphp: Slot [20] registered
Mar 22 18:26:13 capstonealzheimer kernel: [    1.184357] acpiphp: Slot [21] registered
Mar 22 18:26:13 capstonealzheimer kernel: [    1.188439] acpiphp: Slot [22] registered
Mar 22 18:26:13 capstonealzheimer kernel: [    1.192327] acpiphp: Slot [23] registered
Mar 22 18:26:13 capstonealzheimer kernel: [    1.196447] acpiphp: Slot [24] registered
Mar 22 18:26:13 capstonealzheimer kernel: [    1.200367] acpiphp: Slot [25] registered
Mar 22 18:26:13 capstonealzheimer kernel: [    1.204324] acpiphp: Slot [26] registered
Mar 22 18:26:13 capstonealzheimer kernel: [    1.208595] acpiphp: Slot [27] registered
Mar 22 18:26:13 capstonealzheimer kernel: [    1.212318] acpiphp: Slot [28] registered
Mar 22 18:26:13 capstonealzheimer kernel: [    1.216324] acpiphp: Slot [29] registered
Mar 22 18:26:13 capstonealzheimer kernel: [    1.220395] acpiphp: Slot [30] registered
Mar 22 18:26:13 capstonealzheimer kernel: [    1.224445] acpiphp: Slot [31] registered
Mar 22 18:26:13 capstonealzheimer kernel: [    1.228199] PCI host bridge to bus 0000:00
Mar 22 18:26:13 capstonealzheimer kernel: [    1.232080] pci_bus 0000:00: root bus resource [bus 00-ff]
Mar 22 18:26:13 capstonealzheimer kernel: [    1.236079] pci_bus 0000:00: root bus resource [io  0x0000-0x0cf7]
Mar 22 18:26:13 capstonealzheimer kernel: [    1.240119] pci_bus 0000:00: root bus resource [io  0x0d00-0xffff]
Mar 22 18:26:13 capstonealzheimer kernel: [    1.244077] pci_bus 0000:00: root bus resource [mem 0x000a0000-0x000bffff]
Mar 22 18:26:13 capstonealzheimer kernel: [    1.248084] pci_bus 0000:00: root bus resource [mem 0x80000000-0xfebfffff]
Mar 22 18:26:13 capstonealzheimer kernel: [    1.252845] pci 0000:00:00.0: [8086:1237] type 00 class 0x060000
Mar 22 18:26:13 capstonealzheimer kernel: [    1.259122] pci 0000:00:01.0: [8086:7000] type 00 class 0x060100
Mar 22 18:26:13 capstonealzheimer kernel: [    1.266522] pci 0000:00:01.1: [8086:7010] type 00 class 0x010180
Mar 22 18:26:13 capstonealzheimer kernel: [    1.304204] pci 0000:00:01.1: reg 0x20: [io  0xc100-0xc10f]
Mar 22 18:26:13 capstonealzheimer kernel: [    1.326239] pci 0000:00:01.2: [8086:7020] type 00 class 0x0c0300
Mar 22 18:26:13 capstonealzheimer kernel: [    1.372160] pci 0000:00:01.2: reg 0x20: [io  0xc080-0xc09f]
Mar 22 18:26:13 capstonealzheimer kernel: [    1.392962] pci 0000:00:01.3: [8086:7113] type 00 class 0x068000
Mar 22 18:26:13 capstonealzheimer kernel: [    1.398285] pci 0000:00:01.3: quirk: [io  0xb000-0xb03f] claimed by PIIX4 ACPI
Mar 22 18:26:13 capstonealzheimer kernel: [    1.400233] pci 0000:00:01.3: quirk: [io  0xb100-0xb10f] claimed by PIIX4 SMB
Mar 22 18:26:13 capstonealzheimer kernel: [    1.408319] pci 0000:00:02.0: [1013:00b8] type 00 class 0x030000
Mar 22 18:26:13 capstonealzheimer kernel: [    1.416795] pci 0000:00:02.0: reg 0x10: [mem 0xfc000000-0xfdffffff pref]
Mar 22 18:26:13 capstonealzheimer kernel: [    1.428522] pci 0000:00:02.0: reg 0x14: [mem 0xfebd0000-0xfebd0fff]
Mar 22 18:26:13 capstonealzheimer kernel: [    1.472644] pci 0000:00:02.0: reg 0x30: [mem 0xfebc0000-0xfebcffff pref]
Mar 22 18:26:13 capstonealzheimer kernel: [    1.481760] pci 0000:00:03.0: [1af4:1000] type 00 class 0x020000
Mar 22 18:26:13 capstonealzheimer kernel: [    1.492238] pci 0000:00:03.0: reg 0x10: [io  0xc0a0-0xc0bf]
Mar 22 18:26:13 capstonealzheimer kernel: [    1.500122] pci 0000:00:03.0: reg 0x14: [mem 0xfebd1000-0xfebd1fff]
Mar 22 18:26:13 capstonealzheimer kernel: [    1.556165] pci 0000:00:03.0: reg 0x30: [mem 0xfeb40000-0xfeb7ffff pref]
Mar 22 18:26:13 capstonealzheimer kernel: [    1.565396] pci 0000:00:04.0: [1af4:1000] type 00 class 0x020000
Mar 22 18:26:13 capstonealzheimer kernel: [    1.572162] pci 0000:00:04.0: reg 0x10: [io  0xc0c0-0xc0df]
Mar 22 18:26:13 capstonealzheimer kernel: [    1.580118] pci 0000:00:04.0: reg 0x14: [mem 0xfebd2000-0xfebd2fff]
Mar 22 18:26:13 capstonealzheimer kernel: [    1.620198] pci 0000:00:04.0: reg 0x30: [mem 0xfeb80000-0xfebbffff pref]
Mar 22 18:26:13 capstonealzheimer kernel: [    1.628399] pci 0000:00:05.0: [1af4:1004] type 00 class 0x010000
Mar 22 18:26:13 capstonealzheimer kernel: [    1.636160] pci 0000:00:05.0: reg 0x10: [io  0xc000-0xc03f]
Mar 22 18:26:13 capstonealzheimer kernel: [    1.648120] pci 0000:00:05.0: reg 0x14: [mem 0xfebd3000-0xfebd3fff]
Mar 22 18:26:13 capstonealzheimer kernel: [    1.706679] pci 0000:00:06.0: [1af4:1001] type 00 class 0x010000
Mar 22 18:26:13 capstonealzheimer kernel: [    1.712120] pci 0000:00:06.0: reg 0x10: [io  0xc040-0xc07f]
Mar 22 18:26:13 capstonealzheimer kernel: [    1.720122] pci 0000:00:06.0: reg 0x14: [mem 0xfebd4000-0xfebd4fff]
Mar 22 18:26:13 capstonealzheimer kernel: [    1.771203] pci 0000:00:07.0: [1af4:1002] type 00 class 0x00ff00
Mar 22 18:26:13 capstonealzheimer kernel: [    1.776085] pci 0000:00:07.0: reg 0x10: [io  0xc0e0-0xc0ff]
Mar 22 18:26:13 capstonealzheimer kernel: [    1.842158] ACPI: PCI Interrupt Link [LNKA] (IRQs 5 *10 11)
Mar 22 18:26:13 capstonealzheimer kernel: [    1.853888] ACPI: PCI Interrupt Link [LNKB] (IRQs 5 *10 11)
Mar 22 18:26:13 capstonealzheimer kernel: [    1.865521] ACPI: PCI Interrupt Link [LNKC] (IRQs 5 10 *11)
Mar 22 18:26:13 capstonealzheimer kernel: [    1.873366] ACPI: PCI Interrupt Link [LNKD] (IRQs 5 10 *11)
Mar 22 18:26:13 capstonealzheimer kernel: [    1.881282] ACPI: PCI Interrupt Link [LNKS] (IRQs *9)
Mar 22 18:26:13 capstonealzheimer kernel: [    1.896000] ACPI: Enabled 16 GPEs in block 00 to 0F
Mar 22 18:26:13 capstonealzheimer kernel: [    1.896123] ACPI: \_SB_.PCI0: notify handler is installed
Mar 22 18:26:13 capstonealzheimer kernel: [    1.896405] Found 1 acpi root devices
Mar 22 18:26:13 capstonealzheimer kernel: [    1.900000] vgaarb: setting as boot device: PCI:0000:00:02.0
Mar 22 18:26:13 capstonealzheimer kernel: [    1.900000] vgaarb: device added: PCI:0000:00:02.0,decodes=io+mem,owns=io+mem,locks=none
Mar 22 18:26:13 capstonealzheimer kernel: [    1.900084] vgaarb: loaded
Mar 22 18:26:13 capstonealzheimer kernel: [    1.904047] vgaarb: bridge control possible 0000:00:02.0
Mar 22 18:26:13 capstonealzheimer kernel: [    1.913114] SCSI subsystem initialized
Mar 22 18:26:13 capstonealzheimer kernel: [    1.918686] libata version 3.00 loaded.
Mar 22 18:26:13 capstonealzheimer kernel: [    1.919565] ACPI: bus type USB registered
Mar 22 18:26:13 capstonealzheimer kernel: [    1.920680] usbcore: registered new interface driver usbfs
Mar 22 18:26:13 capstonealzheimer kernel: [    1.924481] usbcore: registered new interface driver hub
Mar 22 18:26:13 capstonealzheimer kernel: [    1.929158] usbcore: registered new device driver usb
Mar 22 18:26:13 capstonealzheimer kernel: [    1.934874] PCI: Using ACPI for IRQ routing
Mar 22 18:26:13 capstonealzheimer kernel: [    1.936078] PCI: pci_cache_line_size set to 64 bytes
Mar 22 18:26:13 capstonealzheimer kernel: [    1.938601] e820: reserve RAM buffer [mem 0x0009fc00-0x0009ffff]
Mar 22 18:26:13 capstonealzheimer kernel: [    1.938609] e820: reserve RAM buffer [mem 0x1fffe000-0x1fffffff]
Mar 22 18:26:13 capstonealzheimer kernel: [    1.941402] NetLabel: Initializing
Mar 22 18:26:13 capstonealzheimer kernel: [    1.944117] NetLabel:  domain hash size = 128
Mar 22 18:26:13 capstonealzheimer kernel: [    1.948200] NetLabel:  protocols = UNLABELED CIPSOv4
Mar 22 18:26:13 capstonealzheimer kernel: [    1.952795] NetLabel:  unlabeled traffic allowed by default
Mar 22 18:26:13 capstonealzheimer kernel: [    1.958318] hpet0: at MMIO 0xfed00000, IRQs 2, 8, 0
Mar 22 18:26:13 capstonealzheimer kernel: [    1.964047] hpet0: 3 comparators, 64-bit 100.000000 MHz counter
Mar 22 18:26:13 capstonealzheimer kernel: [    1.975364] Switched to clocksource kvm-clock
Mar 22 18:26:13 capstonealzheimer kernel: [    2.114634] AppArmor: AppArmor Filesystem Enabled
Mar 22 18:26:13 capstonealzheimer kernel: [    2.122082] pnp: PnP ACPI init
Mar 22 18:26:13 capstonealzheimer kernel: [    2.128245] ACPI: bus type PNP registered
Mar 22 18:26:13 capstonealzheimer kernel: [    2.134812] pnp 00:00: Plug and Play ACPI device, IDs PNP0b00 (active)
Mar 22 18:26:13 capstonealzheimer kernel: [    2.135853] pnp 00:01: Plug and Play ACPI device, IDs PNP0303 (active)
Mar 22 18:26:13 capstonealzheimer kernel: [    2.136847] pnp 00:02: Plug and Play ACPI device, IDs PNP0f13 (active)
Mar 22 18:26:13 capstonealzheimer kernel: [    2.137526] pnp 00:03: [dma 2]
Mar 22 18:26:13 capstonealzheimer kernel: [    2.137731] pnp 00:03: Plug and Play ACPI device, IDs PNP0700 (active)
Mar 22 18:26:13 capstonealzheimer kernel: [    2.139291] pnp 00:04: Plug and Play ACPI device, IDs PNP0501 (active)
Mar 22 18:26:13 capstonealzheimer kernel: [    2.141609] pnp 00:05: Plug and Play ACPI device, IDs PNP0103 (active)
Mar 22 18:26:13 capstonealzheimer kernel: [    2.143378] pnp: PnP ACPI: found 6 devices
Mar 22 18:26:13 capstonealzheimer kernel: [    2.148937] ACPI: bus type PNP unregistered
Mar 22 18:26:13 capstonealzheimer kernel: [    2.195775] pci_bus 0000:00: resource 4 [io  0x0000-0x0cf7]
Mar 22 18:26:13 capstonealzheimer kernel: [    2.195849] pci_bus 0000:00: resource 5 [io  0x0d00-0xffff]
Mar 22 18:26:13 capstonealzheimer kernel: [    2.195887] pci_bus 0000:00: resource 6 [mem 0x000a0000-0x000bffff]
Mar 22 18:26:13 capstonealzheimer kernel: [    2.195893] pci_bus 0000:00: resource 7 [mem 0x80000000-0xfebfffff]
Mar 22 18:26:13 capstonealzheimer kernel: [    2.196650] NET: Registered protocol family 2
Mar 22 18:26:13 capstonealzheimer kernel: [    2.207540] TCP established hash table entries: 4096 (order: 3, 32768 bytes)
Mar 22 18:26:13 capstonealzheimer kernel: [    2.215500] TCP bind hash table entries: 4096 (order: 4, 65536 bytes)
Mar 22 18:26:13 capstonealzheimer kernel: [    2.223949] TCP: Hash tables configured (established 4096 bind 4096)
Mar 22 18:26:13 capstonealzheimer kernel: [    2.232829] TCP: reno registered
Mar 22 18:26:13 capstonealzheimer kernel: [    2.240316] UDP hash table entries: 256 (order: 1, 8192 bytes)
Mar 22 18:26:13 capstonealzheimer kernel: [    2.248564] UDP-Lite hash table entries: 256 (order: 1, 8192 bytes)
Mar 22 18:26:13 capstonealzheimer kernel: [    2.258818] NET: Registered protocol family 1
Mar 22 18:26:13 capstonealzheimer kernel: [    2.267344] pci 0000:00:00.0: Limiting direct PCI/PCI transfers
Mar 22 18:26:13 capstonealzheimer kernel: [    2.275060] pci 0000:00:01.0: PIIX3: Enabling Passive Release
Mar 22 18:26:13 capstonealzheimer kernel: [    2.283702] pci 0000:00:01.0: Activating ISA DMA hang workarounds
Mar 22 18:26:13 capstonealzheimer kernel: [    2.299039] ACPI: PCI Interrupt Link [LNKD] enabled at IRQ 11
Mar 22 18:26:13 capstonealzheimer kernel: [    2.318214] pci 0000:00:02.0: Video device with shadowed ROM
Mar 22 18:26:13 capstonealzheimer kernel: [    2.319376] PCI: CLS 0 bytes, default 64
Mar 22 18:26:13 capstonealzheimer kernel: [    2.323780] Trying to unpack rootfs image as initramfs...
Mar 22 18:26:13 capstonealzheimer kernel: [    9.956936] Freeing initrd memory: 18896K (ffff88001ed7c000 - ffff88001fff0000)
Mar 22 18:26:13 capstonealzheimer kernel: [    9.971988] microcode: CPU0 sig=0x206d7, pf=0x1, revision=0x1
Mar 22 18:26:13 capstonealzheimer kernel: [    9.981638] microcode: Microcode Update Driver: v2.00 <tigran@aivazian.fsnet.co.uk>, Peter Oruba
Mar 22 18:26:13 capstonealzheimer kernel: [    9.994688] Scanning for low memory corruption every 60 seconds
Mar 22 18:26:13 capstonealzheimer kernel: [   10.007737] Initialise system trusted keyring
Mar 22 18:26:13 capstonealzheimer kernel: [   10.015503] audit: initializing netlink socket (disabled)
Mar 22 18:26:13 capstonealzheimer kernel: [   10.023554] type=2000 audit(1458685503.098:1): initialized
Mar 22 18:26:13 capstonealzheimer kernel: [   10.455043] HugeTLB registered 2 MB page size, pre-allocated 0 pages
Mar 22 18:26:13 capstonealzheimer kernel: [   10.480497] zbud: loaded
Mar 22 18:26:13 capstonealzheimer kernel: [   10.487502] VFS: Disk quotas dquot_6.5.2
Mar 22 18:26:13 capstonealzheimer kernel: [   10.493711] Dquot-cache hash table entries: 512 (order 0, 4096 bytes)
Mar 22 18:26:13 capstonealzheimer kernel: [   10.508720] fuse init (API version 7.22)
Mar 22 18:26:13 capstonealzheimer kernel: [   10.517881] msgmni has been set to 974
Mar 22 18:26:13 capstonealzheimer kernel: [   10.526566] Key type big_key registered
Mar 22 18:26:13 capstonealzheimer kernel: [   10.541586] Key type asymmetric registered
Mar 22 18:26:13 capstonealzheimer kernel: [   10.548788] Asymmetric key parser 'x509' registered
Mar 22 18:26:13 capstonealzheimer kernel: [   10.557512] Block layer SCSI generic (bsg) driver version 0.4 loaded (major 252)
Mar 22 18:26:13 capstonealzheimer kernel: [   10.571957] io scheduler noop registered
Mar 22 18:26:13 capstonealzheimer kernel: [   10.577321] io scheduler deadline registered (default)
Mar 22 18:26:13 capstonealzheimer kernel: [   10.584844] io scheduler cfq registered
Mar 22 18:26:13 capstonealzheimer kernel: [   10.593737] pci_hotplug: PCI Hot Plug PCI Core version: 0.5
Mar 22 18:26:13 capstonealzheimer kernel: [   10.601505] pciehp: PCI Express Hot Plug Controller Driver version: 0.4
Mar 22 18:26:13 capstonealzheimer kernel: [   10.608782] intel_idle: does not run on family 6 model 45
Mar 22 18:26:13 capstonealzheimer kernel: [   10.608870] ipmi message handler version 39.2
Mar 22 18:26:13 capstonealzheimer kernel: [   10.615710] input: Power Button as /devices/LNXSYSTM:00/LNXPWRBN:00/input/input0
Mar 22 18:26:13 capstonealzheimer kernel: [   10.624881] ACPI: Power Button [PWRF]
Mar 22 18:26:13 capstonealzheimer kernel: [   10.632966] GHES: HEST is not enabled!
Mar 22 18:26:13 capstonealzheimer kernel: [   10.646936] ACPI: PCI Interrupt Link [LNKC] enabled at IRQ 10
Mar 22 18:26:13 capstonealzheimer kernel: [   10.711458] ACPI: PCI Interrupt Link [LNKA] enabled at IRQ 10
Mar 22 18:26:13 capstonealzheimer kernel: [   10.735678] ACPI: PCI Interrupt Link [LNKB] enabled at IRQ 11
Mar 22 18:26:13 capstonealzheimer kernel: [   10.803200] Serial: 8250/16550 driver, 32 ports, IRQ sharing enabled
Mar 22 18:26:13 capstonealzheimer kernel: [   10.909442] 00:04: ttyS0 at I/O 0x3f8 (irq = 4, base_baud = 115200) is a 16550A
Mar 22 18:26:13 capstonealzheimer kernel: [   10.951756] Linux agpgart interface v0.103
Mar 22 18:26:13 capstonealzheimer kernel: [   10.989623] brd: module loaded
Mar 22 18:26:13 capstonealzheimer kernel: [   11.010041] loop: module loaded
Mar 22 18:26:13 capstonealzheimer kernel: [   11.018124] virtio-pci 0000:00:06.0: irq 40 for MSI/MSI-X
Mar 22 18:26:13 capstonealzheimer kernel: [   11.018446] virtio-pci 0000:00:06.0: irq 41 for MSI/MSI-X
Mar 22 18:26:13 capstonealzheimer kernel: [   11.022767] blk-mq: CPU -> queue map
Mar 22 18:26:13 capstonealzheimer kernel: [   11.030176]   CPU 0 -> Queue 0
Mar 22 18:26:13 capstonealzheimer kernel: [   11.069007]  vda: vda1
Mar 22 18:26:13 capstonealzheimer kernel: [   11.082098] ata_piix 0000:00:01.1: version 2.13
Mar 22 18:26:13 capstonealzheimer kernel: [   11.106805] scsi0 : ata_piix
Mar 22 18:26:13 capstonealzheimer kernel: [   11.117166] scsi1 : ata_piix
Mar 22 18:26:13 capstonealzheimer kernel: [   11.124896] ata1: PATA max MWDMA2 cmd 0x1f0 ctl 0x3f6 bmdma 0xc100 irq 14
Mar 22 18:26:13 capstonealzheimer kernel: [   11.133940] ata2: PATA max MWDMA2 cmd 0x170 ctl 0x376 bmdma 0xc108 irq 15
Mar 22 18:26:13 capstonealzheimer kernel: [   11.156875] libphy: Fixed MDIO Bus: probed
Mar 22 18:26:13 capstonealzheimer kernel: [   11.166807] tun: Universal TUN/TAP device driver, 1.6
Mar 22 18:26:13 capstonealzheimer kernel: [   11.174769] tun: (C) 1999-2004 Max Krasnyansky <maxk@qualcomm.com>
Mar 22 18:26:13 capstonealzheimer kernel: [   11.187661] virtio-pci 0000:00:03.0: irq 42 for MSI/MSI-X
Mar 22 18:26:13 capstonealzheimer kernel: [   11.187982] virtio-pci 0000:00:03.0: irq 43 for MSI/MSI-X
Mar 22 18:26:13 capstonealzheimer kernel: [   11.188463] virtio-pci 0000:00:03.0: irq 44 for MSI/MSI-X
Mar 22 18:26:13 capstonealzheimer kernel: [   11.353066] virtio-pci 0000:00:04.0: irq 45 for MSI/MSI-X
Mar 22 18:26:13 capstonealzheimer kernel: [   11.362997] virtio-pci 0000:00:04.0: irq 46 for MSI/MSI-X
Mar 22 18:26:13 capstonealzheimer kernel: [   11.363322] virtio-pci 0000:00:04.0: irq 47 for MSI/MSI-X
Mar 22 18:26:13 capstonealzheimer kernel: [   11.454801] PPP generic driver version 2.4.2
Mar 22 18:26:13 capstonealzheimer kernel: [   11.458754] ehci_hcd: USB 2.0 'Enhanced' Host Controller (EHCI) Driver
Mar 22 18:26:13 capstonealzheimer kernel: [   11.462480] ehci-pci: EHCI PCI platform driver
Mar 22 18:26:13 capstonealzheimer kernel: [   11.467006] ehci-platform: EHCI generic platform driver
Mar 22 18:26:13 capstonealzheimer kernel: [   11.471573] ohci_hcd: USB 1.1 'Open' Host Controller (OHCI) Driver
Mar 22 18:26:13 capstonealzheimer kernel: [   11.476493] ohci-pci: OHCI PCI platform driver
Mar 22 18:26:13 capstonealzheimer kernel: [   11.480777] ohci-platform: OHCI generic platform driver
Mar 22 18:26:13 capstonealzheimer kernel: [   11.486340] uhci_hcd: USB Universal Host Controller Interface driver
Mar 22 18:26:13 capstonealzheimer kernel: [   11.504673] uhci_hcd 0000:00:01.2: UHCI Host Controller
Mar 22 18:26:13 capstonealzheimer kernel: [   11.512948] uhci_hcd 0000:00:01.2: new USB bus registered, assigned bus number 1
Mar 22 18:26:13 capstonealzheimer kernel: [   11.529477] uhci_hcd 0000:00:01.2: irq 11, io base 0x0000c080
Mar 22 18:26:13 capstonealzheimer kernel: [   11.542644] usb usb1: New USB device found, idVendor=1d6b, idProduct=0001
Mar 22 18:26:13 capstonealzheimer kernel: [   11.551530] usb usb1: New USB device strings: Mfr=3, Product=2, SerialNumber=1
Mar 22 18:26:13 capstonealzheimer kernel: [   11.573281] usb usb1: Product: UHCI Host Controller
Mar 22 18:26:13 capstonealzheimer kernel: [   11.584885] usb usb1: Manufacturer: Linux 3.13.0-57-generic uhci_hcd
Mar 22 18:26:13 capstonealzheimer kernel: [   11.593410] usb usb1: SerialNumber: 0000:00:01.2
Mar 22 18:26:13 capstonealzheimer kernel: [   11.609136] hub 1-0:1.0: USB hub found
Mar 22 18:26:13 capstonealzheimer kernel: [   11.617148] hub 1-0:1.0: 2 ports detected
Mar 22 18:26:13 capstonealzheimer kernel: [   11.631994] i8042: PNP: PS/2 Controller [PNP0303:KBD,PNP0f13:MOU] at 0x60,0x64 irq 1,12
Mar 22 18:26:13 capstonealzheimer kernel: [   11.656320] serio: i8042 KBD port at 0x60,0x64 irq 1
Mar 22 18:26:13 capstonealzheimer kernel: [   11.664490] serio: i8042 AUX port at 0x60,0x64 irq 12
Mar 22 18:26:13 capstonealzheimer kernel: [   11.678335] mousedev: PS/2 mouse device common for all mice
Mar 22 18:26:13 capstonealzheimer kernel: [   11.701475] rtc_cmos 00:00: RTC can wake from S4
Mar 22 18:26:13 capstonealzheimer kernel: [   11.729899] input: AT Translated Set 2 keyboard as /devices/platform/i8042/serio0/input/input1
Mar 22 18:26:13 capstonealzheimer kernel: [   11.763089] rtc_cmos 00:00: rtc core: registered rtc_cmos as rtc0
Mar 22 18:26:13 capstonealzheimer kernel: [   11.793921] rtc_cmos 00:00: alarms up to one day, 114 bytes nvram, hpet irqs
Mar 22 18:26:13 capstonealzheimer kernel: [   11.802440] device-mapper: uevent: version 1.0.3
Mar 22 18:26:13 capstonealzheimer kernel: [   11.813609] device-mapper: ioctl: 4.27.0-ioctl (2013-10-30) initialised: dm-devel@redhat.com
Mar 22 18:26:13 capstonealzheimer kernel: [   11.826699] ledtrig-cpu: registered to indicate activity on CPUs
Mar 22 18:26:13 capstonealzheimer kernel: [   11.839743] TCP: cubic registered
Mar 22 18:26:13 capstonealzheimer kernel: [   11.847956] NET: Registered protocol family 10
Mar 22 18:26:13 capstonealzheimer kernel: [   11.867927] NET: Registered protocol family 17
Mar 22 18:26:13 capstonealzheimer kernel: [   11.876459] Key type dns_resolver registered
Mar 22 18:26:13 capstonealzheimer kernel: [   11.891633] Loading compiled-in X.509 certificates
Mar 22 18:26:13 capstonealzheimer kernel: [   11.916729] Loaded X.509 cert 'Magrathea: Glacier signing key: a55b8de68a607adbfa6df96000506950cdaea041'
Mar 22 18:26:13 capstonealzheimer kernel: [   11.931055] registered taskstats version 1
Mar 22 18:26:13 capstonealzheimer kernel: [   11.986824] Key type trusted registered
Mar 22 18:26:13 capstonealzheimer kernel: [   12.070203] Key type encrypted registered
Mar 22 18:26:13 capstonealzheimer kernel: [   12.079368] AppArmor: AppArmor sha1 policy hashing enabled
Mar 22 18:26:13 capstonealzheimer kernel: [   12.085170] IMA: No TPM chip found, activating TPM-bypass!
Mar 22 18:26:13 capstonealzheimer kernel: [   12.097342] regulator-dummy: disabling
Mar 22 18:26:13 capstonealzheimer kernel: [   12.105589]   Magic number: 8:344:452
Mar 22 18:26:13 capstonealzheimer kernel: [   12.143019] rtc_cmos 00:00: setting system clock to 2016-03-22 22:25:08 UTC (1458685508)
Mar 22 18:26:13 capstonealzheimer kernel: [   12.157909] BIOS EDD facility v0.16 2004-Jun-25, 0 devices found
Mar 22 18:26:13 capstonealzheimer kernel: [   12.165034] EDD information not available.
Mar 22 18:26:13 capstonealzheimer kernel: [   12.170845] PM: Hibernation image not present or could not be loaded.
Mar 22 18:26:13 capstonealzheimer kernel: [   12.194814] Freeing unused kernel memory: 1336K (ffffffff81d20000 - ffffffff81e6e000)
Mar 22 18:26:13 capstonealzheimer kernel: [   12.204663] Write protecting the kernel read-only data: 12288k
Mar 22 18:26:13 capstonealzheimer kernel: [   12.249374] Freeing unused kernel memory: 788K (ffff88000173b000 - ffff880001800000)
Mar 22 18:26:13 capstonealzheimer kernel: [   12.331071] Freeing unused kernel memory: 688K (ffff880001b54000 - ffff880001c00000)
Mar 22 18:26:13 capstonealzheimer kernel: [   12.607011] systemd-udevd[93]: starting version 204
Mar 22 18:26:13 capstonealzheimer kernel: [   13.298931] FDC 0 is a S82078B
Mar 22 18:26:13 capstonealzheimer kernel: [   13.583005] virtio-pci 0000:00:05.0: irq 48 for MSI/MSI-X
Mar 22 18:26:13 capstonealzheimer kernel: [   13.583489] virtio-pci 0000:00:05.0: irq 49 for MSI/MSI-X
Mar 22 18:26:13 capstonealzheimer kernel: [   13.583887] virtio-pci 0000:00:05.0: irq 50 for MSI/MSI-X
Mar 22 18:26:13 capstonealzheimer kernel: [   13.592760] virtio-pci 0000:00:05.0: irq 51 for MSI/MSI-X
Mar 22 18:26:13 capstonealzheimer kernel: [   13.651776] scsi2 : Virtio SCSI HBA
Mar 22 18:26:13 capstonealzheimer kernel: [   14.577831] perf samples too long (2832 > 2500), lowering kernel.perf_event_max_sample_rate to 50000
Mar 22 18:26:13 capstonealzheimer kernel: [   14.580109] INFO: NMI handler (perf_event_nmi_handler) took too long to run: 13.690 msecs
Mar 22 18:26:13 capstonealzheimer kernel: [   14.912759] input: ImExPS/2 Generic Explorer Mouse as /devices/platform/i8042/serio1/input/input3
Mar 22 18:26:13 capstonealzheimer kernel: [   15.567363] EXT4-fs (vda1): INFO: recovery required on readonly filesystem
Mar 22 18:26:13 capstonealzheimer kernel: [   15.576207] EXT4-fs (vda1): write access will be enabled during recovery
Mar 22 18:26:13 capstonealzheimer kernel: [   15.785505] EXT4-fs (vda1): orphan cleanup on readonly fs
Mar 22 18:26:13 capstonealzheimer kernel: [   15.923397] EXT4-fs (vda1): 7 orphan inodes deleted
Mar 22 18:26:13 capstonealzheimer kernel: [   15.930084] EXT4-fs (vda1): recovery complete
Mar 22 18:26:13 capstonealzheimer kernel: [   15.998671] EXT4-fs (vda1): mounted filesystem with ordered data mode. Opts: (null)
Mar 22 18:26:13 capstonealzheimer kernel: [   18.082220] random: init urandom read with 19 bits of entropy available
Mar 22 18:26:13 capstonealzheimer kernel: [   18.862345] init: plymouth-upstart-bridge main process (142) terminated with status 1
Mar 22 18:26:13 capstonealzheimer kernel: [   18.912803] init: plymouth-upstart-bridge main process ended, respawning
Mar 22 18:26:13 capstonealzheimer kernel: [   19.181691] init: plymouth-upstart-bridge main process (151) terminated with status 1
Mar 22 18:26:13 capstonealzheimer kernel: [   19.194937] init: plymouth-upstart-bridge main process ended, respawning
Mar 22 18:26:13 capstonealzheimer kernel: [   19.340448] init: plymouth-upstart-bridge main process (155) terminated with status 1
Mar 22 18:26:13 capstonealzheimer kernel: [   19.358193] init: plymouth-upstart-bridge main process ended, respawning
Mar 22 18:26:13 capstonealzheimer kernel: [   23.264326] EXT4-fs (vda1): re-mounted. Opts: errors=remount-ro
Mar 22 18:26:13 capstonealzheimer kernel: [   26.551085] perf samples too long (6551 > 5000), lowering kernel.perf_event_max_sample_rate to 25000
Mar 22 18:26:13 capstonealzheimer kernel: [   26.552083] INFO: NMI handler (perf_event_nmi_handler) took too long to run: 16.575 msecs
Mar 22 18:26:13 capstonealzheimer kernel: [   42.238212] IPv6: ADDRCONF(NETDEV_UP): eth0: link is not ready
Mar 22 18:26:13 capstonealzheimer kernel: [   42.238371] IPv6: ADDRCONF(NETDEV_UP): eth1: link is not ready
Mar 22 18:26:13 capstonealzheimer kernel: [   44.219399] systemd-udevd[325]: starting version 204
Mar 22 18:26:13 capstonealzheimer kernel: [   44.705126] perf samples too long (10470 > 10000), lowering kernel.perf_event_max_sample_rate to 12500
Mar 22 18:26:13 capstonealzheimer kernel: [   45.586798] lp: driver loaded but no devices found
Mar 22 18:26:13 capstonealzheimer kernel: [   47.598785] piix4_smbus 0000:00:01.3: SMBus Host Controller at 0xb100, revision 0
Mar 22 18:26:13 capstonealzheimer kernel: [   48.870166] type=1400 audit(1458685545.224:2): apparmor="STATUS" operation="profile_load" profile="unconfined" name="/sbin/dhclient" pid=383 comm="apparmor_parser"
Mar 22 18:26:13 capstonealzheimer kernel: [   48.870328] type=1400 audit(1458685545.224:3): apparmor="STATUS" operation="profile_load" profile="unconfined" name="/usr/lib/NetworkManager/nm-dhcp-client.action" pid=383 comm="apparmor_parser"
Mar 22 18:26:13 capstonealzheimer kernel: [   48.870404] type=1400 audit(1458685545.224:4): apparmor="STATUS" operation="profile_load" profile="unconfined" name="/usr/lib/connman/scripts/dhclient-script" pid=383 comm="apparmor_parser"
Mar 22 18:26:13 capstonealzheimer kernel: [   48.906040] type=1400 audit(1458685545.260:5): apparmor="STATUS" operation="profile_replace" profile="unconfined" name="/usr/lib/NetworkManager/nm-dhcp-client.action" pid=383 comm="apparmor_parser"
Mar 22 18:26:13 capstonealzheimer kernel: [   48.906119] type=1400 audit(1458685545.260:6): apparmor="STATUS" operation="profile_replace" profile="unconfined" name="/usr/lib/connman/scripts/dhclient-script" pid=383 comm="apparmor_parser"
Mar 22 18:26:13 capstonealzheimer kernel: [   48.928379] type=1400 audit(1458685545.284:7): apparmor="STATUS" operation="profile_replace" profile="unconfined" name="/usr/lib/connman/scripts/dhclient-script" pid=383 comm="apparmor_parser"
Mar 22 18:26:13 capstonealzheimer kernel: [   48.967484] type=1400 audit(1458685545.320:8): apparmor="STATUS" operation="profile_replace" profile="unconfined" name="/sbin/dhclient" pid=386 comm="apparmor_parser"
Mar 22 18:26:13 capstonealzheimer kernel: [   48.967603] type=1400 audit(1458685545.320:9): apparmor="STATUS" operation="profile_replace" profile="unconfined" name="/usr/lib/NetworkManager/nm-dhcp-client.action" pid=386 comm="apparmor_parser"
Mar 22 18:26:13 capstonealzheimer kernel: [   48.967648] type=1400 audit(1458685545.320:10): apparmor="STATUS" operation="profile_replace" profile="unconfined" name="/usr/lib/connman/scripts/dhclient-script" pid=386 comm="apparmor_parser"
Mar 22 18:26:13 capstonealzheimer kernel: [   48.999988] type=1400 audit(1458685545.352:11): apparmor="STATUS" operation="profile_replace" profile="unconfined" name="/usr/lib/NetworkManager/nm-dhcp-client.action" pid=386 comm="apparmor_parser"
Mar 22 18:26:13 capstonealzheimer kernel: [   50.401618] random: nonblocking pool is initialized
Mar 22 18:26:13 capstonealzheimer kernel: [   50.544960] [drm] Initialized drm 1.1.0 20060810
Mar 22 18:26:13 capstonealzheimer kernel: [   52.356566] [TTM] Zone  kernel: Available graphics memory: 250896 kiB
Mar 22 18:26:13 capstonealzheimer kernel: [   52.356608] [TTM] Initializing pool allocator
Mar 22 18:26:13 capstonealzheimer kernel: [   52.356685] [TTM] Initializing DMA pool allocator
Mar 22 18:26:13 capstonealzheimer kernel: [   52.471456] [drm] fb mappable at 0x0
Mar 22 18:26:13 capstonealzheimer kernel: [   52.471495] [drm] vram aper at 0x0
Mar 22 18:26:13 capstonealzheimer kernel: [   52.471497] [drm] size 0
Mar 22 18:26:13 capstonealzheimer kernel: [   52.471531] [drm] fb depth is 24
Mar 22 18:26:13 capstonealzheimer kernel: [   52.471533] [drm]    pitch is 3072
Mar 22 18:26:13 capstonealzheimer kernel: [   52.536737] fbcon: cirrusdrmfb (fb0) is primary device
Mar 22 18:26:13 capstonealzheimer kernel: [   54.757469] Console: switching to colour frame buffer device 128x48
Mar 22 18:26:13 capstonealzheimer kernel: [   55.903324] cirrus 0000:00:02.0: fb0: cirrusdrmfb frame buffer device
Mar 22 18:26:13 capstonealzheimer kernel: [   55.903361] cirrus 0000:00:02.0: registered panic notifier
Mar 22 18:26:13 capstonealzheimer kernel: [   56.060321] [drm] Initialized cirrus 1.0.0 20110418 for 0000:00:02.0 on minor 0
Mar 22 18:26:13 capstonealzheimer kernel: [   59.551092] intel_rapl: no valid rapl domains found in package 0
Mar 22 18:26:13 capstonealzheimer kernel: [   75.077100] init: failsafe main process (684) killed by TERM signal
Mar 22 18:26:15 capstonealzheimer kernel: [   79.288500] audit_printk_skb: 6 callbacks suppressed
Mar 22 18:26:15 capstonealzheimer kernel: [   79.288539] type=1400 audit(1458685575.499:14): apparmor="STATUS" operation="profile_replace" profile="unconfined" name="/sbin/dhclient" pid=826 comm="apparmor_parser"
Mar 22 18:26:15 capstonealzheimer kernel: [   79.288661] type=1400 audit(1458685575.499:15): apparmor="STATUS" operation="profile_replace" profile="unconfined" name="/usr/lib/NetworkManager/nm-dhcp-client.action" pid=826 comm="apparmor_parser"
Mar 22 18:26:15 capstonealzheimer kernel: [   79.288775] type=1400 audit(1458685575.499:16): apparmor="STATUS" operation="profile_replace" profile="unconfined" name="/usr/lib/connman/scripts/dhclient-script" pid=826 comm="apparmor_parser"
Mar 22 18:26:15 capstonealzheimer kernel: [   79.302509] type=1400 audit(1458685575.511:17): apparmor="STATUS" operation="profile_replace" profile="unconfined" name="/usr/lib/NetworkManager/nm-dhcp-client.action" pid=826 comm="apparmor_parser"
Mar 22 18:26:15 capstonealzheimer kernel: [   79.302594] type=1400 audit(1458685575.511:18): apparmor="STATUS" operation="profile_replace" profile="unconfined" name="/usr/lib/connman/scripts/dhclient-script" pid=826 comm="apparmor_parser"
Mar 22 18:26:15 capstonealzheimer kernel: [   79.311954] type=1400 audit(1458685575.519:19): apparmor="STATUS" operation="profile_replace" profile="unconfined" name="/usr/lib/connman/scripts/dhclient-script" pid=826 comm="apparmor_parser"
Mar 22 18:26:15 capstonealzheimer kernel: [   79.410910] type=1400 audit(1458685575.619:20): apparmor="STATUS" operation="profile_load" profile="unconfined" name="/usr/sbin/mysqld" pid=827 comm="apparmor_parser"
Mar 22 18:26:15 capstonealzheimer kernel: [   79.586491] type=1400 audit(1458685575.795:21): apparmor="STATUS" operation="profile_load" profile="unconfined" name="/usr/sbin/tcpdump" pid=829 comm="apparmor_parser"
Mar 22 18:26:18 capstonealzheimer cron[880]: (CRON) INFO (pidfile fd = 3)
Mar 22 18:26:19 capstonealzheimer ntpdate[764]: adjust time server 91.189.89.199 offset 0.000207 sec
Mar 22 18:26:20 capstonealzheimer acpid: starting up with netlink and the input layer
Mar 22 18:26:20 capstonealzheimer acpid: 1 rule loaded
Mar 22 18:26:20 capstonealzheimer acpid: waiting for events: event logging is off
Mar 22 18:26:20 capstonealzheimer cron[916]: (CRON) STARTUP (fork ok)
Mar 22 18:26:20 capstonealzheimer cron[916]: (CRON) INFO (Running @reboot jobs)
Mar 22 18:26:20 capstonealzheimer /usr/sbin/irqbalance: Balancing is ineffective on systems with a single cache domain.  Shutting down
Mar 22 18:26:23 capstonealzheimer kernel: [   86.870562] type=1400 audit(1458685583.080:22): apparmor="STATUS" operation="profile_replace" profile="unconfined" name="/usr/sbin/mysqld" pid=979 comm="apparmor_parser"
Mar 22 18:26:26 capstonealzheimer kernel: [   90.605647] init: plymouth-upstart-bridge main process ended, respawning
Mar 22 18:26:32 capstonealzheimer /etc/mysql/debian-start[1095]: Upgrading MySQL tables if necessary.
Mar 22 18:26:32 capstonealzheimer /etc/mysql/debian-start[1099]: /usr/bin/mysql_upgrade: the '--basedir' option is always ignored
Mar 22 18:26:32 capstonealzheimer /etc/mysql/debian-start[1099]: Looking for 'mysql' as: /usr/bin/mysql
Mar 22 18:26:32 capstonealzheimer /etc/mysql/debian-start[1099]: Looking for 'mysqlcheck' as: /usr/bin/mysqlcheck
Mar 22 18:26:32 capstonealzheimer /etc/mysql/debian-start[1099]: This installation of MySQL is already upgraded to 5.5.46, use --force if you still need to run mysql_upgrade
Mar 22 18:26:32 capstonealzheimer /etc/mysql/debian-start[1110]: Checking for insecure root accounts.
Mar 22 18:26:32 capstonealzheimer /etc/mysql/debian-start[1115]: Triggering myisam-recover for all MyISAM tables
Mar 22 18:26:35 capstonealzheimer kernel: [   99.660144] perf samples too long (20314 > 20000), lowering kernel.perf_event_max_sample_rate to 6250
Mar 22 18:29:57 capstonealzheimer rsyslogd: [origin software="rsyslogd" swVersion="7.4.4" x-pid="778" x-info="http://www.rsyslog.com"] exiting on signal 15.
Mar 22 18:32:38 capstonealzheimer rsyslogd: [origin software="rsyslogd" swVersion="7.4.4" x-pid="775" x-info="http://www.rsyslog.com"] start
Mar 22 18:32:38 capstonealzheimer rsyslogd-2307: warning: ~ action is deprecated, consider using the 'stop' statement instead [try http://www.rsyslog.com/e/2307 ]
Mar 22 18:32:38 capstonealzheimer rsyslogd: rsyslogd's groupid changed to 104
Mar 22 18:32:38 capstonealzheimer rsyslogd: rsyslogd's userid changed to 101
Mar 22 18:32:38 capstonealzheimer kernel: [    0.000000] Initializing cgroup subsys cpuset
Mar 22 18:32:38 capstonealzheimer kernel: [    0.000000] Initializing cgroup subsys cpu
Mar 22 18:32:38 capstonealzheimer kernel: [    0.000000] Initializing cgroup subsys cpuacct
Mar 22 18:32:38 capstonealzheimer kernel: [    0.000000] Linux version 3.13.0-57-generic (buildd@brownie) (gcc version 4.8.2 (Ubuntu 4.8.2-19ubuntu1) ) #95-Ubuntu SMP Fri Jun 19 09:28:15 UTC 2015 (Ubuntu 3.13.0-57.95-generic 3.13.11-ckt21)
Mar 22 18:32:38 capstonealzheimer kernel: [    0.000000] Command line: root=LABEL=DOROOT ro
Mar 22 18:32:38 capstonealzheimer kernel: [    0.000000] KERNEL supported cpus:
Mar 22 18:32:38 capstonealzheimer kernel: [    0.000000]   Intel GenuineIntel
Mar 22 18:32:38 capstonealzheimer kernel: [    0.000000]   AMD AuthenticAMD
Mar 22 18:32:38 capstonealzheimer kernel: [    0.000000]   Centaur CentaurHauls
Mar 22 18:32:38 capstonealzheimer kernel: [    0.000000] e820: BIOS-provided physical RAM map:
Mar 22 18:32:38 capstonealzheimer kernel: [    0.000000] BIOS-e820: [mem 0x0000000000000000-0x000000000009fbff] usable
Mar 22 18:32:38 capstonealzheimer kernel: [    0.000000] BIOS-e820: [mem 0x000000000009fc00-0x000000000009ffff] reserved
Mar 22 18:32:38 capstonealzheimer kernel: [    0.000000] BIOS-e820: [mem 0x00000000000f0000-0x00000000000fffff] reserved
Mar 22 18:32:38 capstonealzheimer kernel: [    0.000000] BIOS-e820: [mem 0x0000000000100000-0x000000001fffdfff] usable
Mar 22 18:32:38 capstonealzheimer kernel: [    0.000000] BIOS-e820: [mem 0x000000001fffe000-0x000000001fffffff] reserved
Mar 22 18:32:38 capstonealzheimer kernel: [    0.000000] BIOS-e820: [mem 0x00000000feffc000-0x00000000feffffff] reserved
Mar 22 18:32:38 capstonealzheimer kernel: [    0.000000] BIOS-e820: [mem 0x00000000fffc0000-0x00000000ffffffff] reserved
Mar 22 18:32:38 capstonealzheimer kernel: [    0.000000] NX (Execute Disable) protection: active
Mar 22 18:32:38 capstonealzheimer kernel: [    0.000000] SMBIOS 2.4 present.
Mar 22 18:32:38 capstonealzheimer kernel: [    0.000000] DMI: Bochs Bochs, BIOS Bochs 01/01/2011
Mar 22 18:32:38 capstonealzheimer kernel: [    0.000000] Hypervisor detected: KVM
Mar 22 18:32:38 capstonealzheimer kernel: [    0.000000] e820: update [mem 0x00000000-0x00000fff] usable ==> reserved
Mar 22 18:32:38 capstonealzheimer kernel: [    0.000000] e820: remove [mem 0x000a0000-0x000fffff] usable
Mar 22 18:32:38 capstonealzheimer kernel: [    0.000000] No AGP bridge found
Mar 22 18:32:38 capstonealzheimer kernel: [    0.000000] e820: last_pfn = 0x1fffe max_arch_pfn = 0x400000000
Mar 22 18:32:38 capstonealzheimer kernel: [    0.000000] MTRR default type: write-back
Mar 22 18:32:38 capstonealzheimer kernel: [    0.000000] MTRR fixed ranges enabled:
Mar 22 18:32:38 capstonealzheimer kernel: [    0.000000]   00000-9FFFF write-back
Mar 22 18:32:38 capstonealzheimer kernel: [    0.000000]   A0000-BFFFF uncachable
Mar 22 18:32:38 capstonealzheimer kernel: [    0.000000]   C0000-FFFFF write-protect
Mar 22 18:32:38 capstonealzheimer kernel: [    0.000000] MTRR variable ranges enabled:
Mar 22 18:32:38 capstonealzheimer kernel: [    0.000000]   0 base 0080000000 mask FF80000000 uncachable
Mar 22 18:32:38 capstonealzheimer kernel: [    0.000000]   1 disabled
Mar 22 18:32:38 capstonealzheimer kernel: [    0.000000]   2 disabled
Mar 22 18:32:38 capstonealzheimer kernel: [    0.000000]   3 disabled
Mar 22 18:32:38 capstonealzheimer kernel: [    0.000000]   4 disabled
Mar 22 18:32:38 capstonealzheimer kernel: [    0.000000]   5 disabled
Mar 22 18:32:38 capstonealzheimer kernel: [    0.000000]   6 disabled
Mar 22 18:32:38 capstonealzheimer kernel: [    0.000000]   7 disabled
Mar 22 18:32:38 capstonealzheimer kernel: [    0.000000] x86 PAT enabled: cpu 0, old 0x7040600070406, new 0x7010600070106
Mar 22 18:32:38 capstonealzheimer kernel: [    0.000000] found SMP MP-table at [mem 0x000f1ae0-0x000f1aef] mapped at [ffff8800000f1ae0]
Mar 22 18:32:38 capstonealzheimer kernel: [    0.000000] Scanning 1 areas for low memory corruption
Mar 22 18:32:38 capstonealzheimer kernel: [    0.000000] Base memory trampoline at [ffff880000099000] 99000 size 24576
Mar 22 18:32:38 capstonealzheimer kernel: [    0.000000] Using GB pages for direct mapping
Mar 22 18:32:38 capstonealzheimer kernel: [    0.000000] init_memory_mapping: [mem 0x00000000-0x000fffff]
Mar 22 18:32:38 capstonealzheimer kernel: [    0.000000]  [mem 0x00000000-0x000fffff] page 4k
Mar 22 18:32:38 capstonealzheimer kernel: [    0.000000] BRK [0x01fe2000, 0x01fe2fff] PGTABLE
Mar 22 18:32:38 capstonealzheimer kernel: [    0.000000] BRK [0x01fe3000, 0x01fe3fff] PGTABLE
Mar 22 18:32:38 capstonealzheimer kernel: [    0.000000] BRK [0x01fe4000, 0x01fe4fff] PGTABLE
Mar 22 18:32:38 capstonealzheimer kernel: [    0.000000] init_memory_mapping: [mem 0x1ea00000-0x1ebfffff]
Mar 22 18:32:38 capstonealzheimer kernel: [    0.000000]  [mem 0x1ea00000-0x1ebfffff] page 2M
Mar 22 18:32:38 capstonealzheimer kernel: [    0.000000] init_memory_mapping: [mem 0x1c000000-0x1e9fffff]
Mar 22 18:32:38 capstonealzheimer kernel: [    0.000000]  [mem 0x1c000000-0x1e9fffff] page 2M
Mar 22 18:32:38 capstonealzheimer kernel: [    0.000000] init_memory_mapping: [mem 0x00100000-0x1bffffff]
Mar 22 18:32:38 capstonealzheimer kernel: [    0.000000]  [mem 0x00100000-0x001fffff] page 4k
Mar 22 18:32:38 capstonealzheimer kernel: [    0.000000]  [mem 0x00200000-0x1bffffff] page 2M
Mar 22 18:32:38 capstonealzheimer kernel: [    0.000000] init_memory_mapping: [mem 0x1ec00000-0x1fffdfff]
Mar 22 18:32:38 capstonealzheimer kernel: [    0.000000]  [mem 0x1ec00000-0x1fdfffff] page 2M
Mar 22 18:32:38 capstonealzheimer kernel: [    0.000000]  [mem 0x1fe00000-0x1fffdfff] page 4k
Mar 22 18:32:38 capstonealzheimer kernel: [    0.000000] BRK [0x01fe5000, 0x01fe5fff] PGTABLE
Mar 22 18:32:38 capstonealzheimer kernel: [    0.000000] RAMDISK: [mem 0x1ed7c000-0x1ffeffff]
Mar 22 18:32:38 capstonealzheimer kernel: [    0.000000] ACPI: RSDP 00000000000f1980 000014 (v00 BOCHS )
Mar 22 18:32:38 capstonealzheimer kernel: [    0.000000] ACPI: RSDT 000000001fffe450 000034 (v01 BOCHS  BXPCRSDT 00000001 BXPC 00000001)
Mar 22 18:32:38 capstonealzheimer kernel: [    0.000000] ACPI: FACP 000000001fffff80 000074 (v01 BOCHS  BXPCFACP 00000001 BXPC 00000001)
Mar 22 18:32:38 capstonealzheimer kernel: [    0.000000] ACPI: DSDT 000000001fffe490 001137 (v01 BOCHS  BXPCDSDT 00000001 BXPC 00000001)
Mar 22 18:32:38 capstonealzheimer kernel: [    0.000000] ACPI: FACS 000000001fffff40 000040
Mar 22 18:32:38 capstonealzheimer kernel: [    0.000000] ACPI: SSDT 000000001ffff700 000838 (v01 BOCHS  BXPCSSDT 00000001 BXPC 00000001)
Mar 22 18:32:38 capstonealzheimer kernel: [    0.000000] ACPI: APIC 000000001ffff610 000078 (v01 BOCHS  BXPCAPIC 00000001 BXPC 00000001)
Mar 22 18:32:38 capstonealzheimer kernel: [    0.000000] ACPI: HPET 000000001ffff5d0 000038 (v01 BOCHS  BXPCHPET 00000001 BXPC 00000001)
Mar 22 18:32:38 capstonealzheimer kernel: [    0.000000] ACPI: Local APIC address 0xfee00000
Mar 22 18:32:38 capstonealzheimer kernel: [    0.000000] No NUMA configuration found
Mar 22 18:32:38 capstonealzheimer kernel: [    0.000000] Faking a node at [mem 0x0000000000000000-0x000000001fffdfff]
Mar 22 18:32:38 capstonealzheimer kernel: [    0.000000] Initmem setup node 0 [mem 0x00000000-0x1fffdfff]
Mar 22 18:32:38 capstonealzheimer kernel: [    0.000000]   NODE_DATA [mem 0x1fff9000-0x1fffdfff]
Mar 22 18:32:38 capstonealzheimer kernel: [    0.000000] kvm-clock: Using msrs 4b564d01 and 4b564d00
Mar 22 18:32:38 capstonealzheimer kernel: [    0.000000] kvm-clock: cpu 0, msr 0:1fff5001, boot clock
Mar 22 18:32:38 capstonealzheimer kernel: [    0.000000]  [ffffea0000000000-ffffea00007fffff] PMD -> [ffff88001dc00000-ffff88001e3fffff] on node 0
Mar 22 18:32:38 capstonealzheimer kernel: [    0.000000] Zone ranges:
Mar 22 18:32:38 capstonealzheimer kernel: [    0.000000]   DMA      [mem 0x00001000-0x00ffffff]
Mar 22 18:32:38 capstonealzheimer kernel: [    0.000000]   DMA32    [mem 0x01000000-0xffffffff]
Mar 22 18:32:38 capstonealzheimer kernel: [    0.000000]   Normal   empty
Mar 22 18:32:38 capstonealzheimer kernel: [    0.000000] Movable zone start for each node
Mar 22 18:32:38 capstonealzheimer kernel: [    0.000000] Early memory node ranges
Mar 22 18:32:38 capstonealzheimer kernel: [    0.000000]   node   0: [mem 0x00001000-0x0009efff]
Mar 22 18:32:38 capstonealzheimer kernel: [    0.000000]   node   0: [mem 0x00100000-0x1fffdfff]
Mar 22 18:32:38 capstonealzheimer kernel: [    0.000000] On node 0 totalpages: 130972
Mar 22 18:32:38 capstonealzheimer kernel: [    0.000000]   DMA zone: 64 pages used for memmap
Mar 22 18:32:38 capstonealzheimer kernel: [    0.000000]   DMA zone: 21 pages reserved
Mar 22 18:32:38 capstonealzheimer kernel: [    0.000000]   DMA zone: 3998 pages, LIFO batch:0
Mar 22 18:32:38 capstonealzheimer kernel: [    0.000000]   DMA32 zone: 1984 pages used for memmap
Mar 22 18:32:38 capstonealzheimer kernel: [    0.000000]   DMA32 zone: 126974 pages, LIFO batch:31
Mar 22 18:32:38 capstonealzheimer kernel: [    0.000000] ACPI: PM-Timer IO Port: 0xb008
Mar 22 18:32:38 capstonealzheimer kernel: [    0.000000] ACPI: Local APIC address 0xfee00000
Mar 22 18:32:38 capstonealzheimer kernel: [    0.000000] ACPI: LAPIC (acpi_id[0x00] lapic_id[0x00] enabled)
Mar 22 18:32:38 capstonealzheimer kernel: [    0.000000] ACPI: LAPIC_NMI (acpi_id[0xff] dfl dfl lint[0x1])
Mar 22 18:32:38 capstonealzheimer kernel: [    0.000000] ACPI: IOAPIC (id[0x00] address[0xfec00000] gsi_base[0])
Mar 22 18:32:38 capstonealzheimer kernel: [    0.000000] IOAPIC[0]: apic_id 0, version 17, address 0xfec00000, GSI 0-23
Mar 22 18:32:38 capstonealzheimer kernel: [    0.000000] ACPI: INT_SRC_OVR (bus 0 bus_irq 0 global_irq 2 dfl dfl)
Mar 22 18:32:38 capstonealzheimer kernel: [    0.000000] ACPI: INT_SRC_OVR (bus 0 bus_irq 5 global_irq 5 high level)
Mar 22 18:32:38 capstonealzheimer kernel: [    0.000000] ACPI: INT_SRC_OVR (bus 0 bus_irq 9 global_irq 9 high level)
Mar 22 18:32:38 capstonealzheimer kernel: [    0.000000] ACPI: INT_SRC_OVR (bus 0 bus_irq 10 global_irq 10 high level)
Mar 22 18:32:38 capstonealzheimer kernel: [    0.000000] ACPI: INT_SRC_OVR (bus 0 bus_irq 11 global_irq 11 high level)
Mar 22 18:32:38 capstonealzheimer kernel: [    0.000000] ACPI: IRQ0 used by override.
Mar 22 18:32:38 capstonealzheimer kernel: [    0.000000] ACPI: IRQ2 used by override.
Mar 22 18:32:38 capstonealzheimer kernel: [    0.000000] ACPI: IRQ5 used by override.
Mar 22 18:32:38 capstonealzheimer kernel: [    0.000000] ACPI: IRQ9 used by override.
Mar 22 18:32:38 capstonealzheimer kernel: [    0.000000] ACPI: IRQ10 used by override.
Mar 22 18:32:38 capstonealzheimer kernel: [    0.000000] ACPI: IRQ11 used by override.
Mar 22 18:32:38 capstonealzheimer kernel: [    0.000000] Using ACPI (MADT) for SMP configuration information
Mar 22 18:32:38 capstonealzheimer kernel: [    0.000000] ACPI: HPET id: 0x8086a201 base: 0xfed00000
Mar 22 18:32:38 capstonealzheimer kernel: [    0.000000] smpboot: Allowing 1 CPUs, 0 hotplug CPUs
Mar 22 18:32:38 capstonealzheimer kernel: [    0.000000] nr_irqs_gsi: 40
Mar 22 18:32:38 capstonealzheimer kernel: [    0.000000] PM: Registered nosave memory: [mem 0x0009f000-0x0009ffff]
Mar 22 18:32:38 capstonealzheimer kernel: [    0.000000] PM: Registered nosave memory: [mem 0x000a0000-0x000effff]
Mar 22 18:32:38 capstonealzheimer kernel: [    0.000000] PM: Registered nosave memory: [mem 0x000f0000-0x000fffff]
Mar 22 18:32:38 capstonealzheimer kernel: [    0.000000] e820: [mem 0x20000000-0xfeffbfff] available for PCI devices
Mar 22 18:32:38 capstonealzheimer kernel: [    0.000000] Booting paravirtualized kernel on KVM
Mar 22 18:32:38 capstonealzheimer kernel: [    0.000000] setup_percpu: NR_CPUS:256 nr_cpumask_bits:256 nr_cpu_ids:1 nr_node_ids:1
Mar 22 18:32:38 capstonealzheimer kernel: [    0.000000] PERCPU: Embedded 27 pages/cpu @ffff88001ea00000 s81536 r8192 d20864 u2097152
Mar 22 18:32:38 capstonealzheimer kernel: [    0.000000] pcpu-alloc: s81536 r8192 d20864 u2097152 alloc=1*2097152
Mar 22 18:32:38 capstonealzheimer kernel: [    0.000000] pcpu-alloc: [0] 0 
Mar 22 18:32:38 capstonealzheimer kernel: [    0.000000] kvm-clock: cpu 0, msr 0:1fff5001, primary cpu clock
Mar 22 18:32:38 capstonealzheimer kernel: [    0.000000] KVM setup async PF for cpu 0
Mar 22 18:32:38 capstonealzheimer kernel: [    0.000000] kvm-stealtime: cpu 0, msr 1ea0d000
Mar 22 18:32:38 capstonealzheimer kernel: [    0.000000] Built 1 zonelists in Node order, mobility grouping on.  Total pages: 128903
Mar 22 18:32:38 capstonealzheimer kernel: [    0.000000] Policy zone: DMA32
Mar 22 18:32:38 capstonealzheimer kernel: [    0.000000] Kernel command line: root=LABEL=DOROOT ro
Mar 22 18:32:38 capstonealzheimer kernel: [    0.000000] PID hash table entries: 2048 (order: 2, 16384 bytes)
Mar 22 18:32:38 capstonealzheimer kernel: [    0.000000] xsave: enabled xstate_bv 0x7, cntxt size 0x340
Mar 22 18:32:38 capstonealzheimer kernel: [    0.000000] Checking aperture...
Mar 22 18:32:38 capstonealzheimer kernel: [    0.000000] No AGP bridge found
Mar 22 18:32:38 capstonealzheimer kernel: [    0.000000] Calgary: detecting Calgary via BIOS EBDA area
Mar 22 18:32:38 capstonealzheimer kernel: [    0.000000] Calgary: Unable to locate Rio Grande table in EBDA - bailing!
Mar 22 18:32:38 capstonealzheimer kernel: [    0.000000] Memory: 480052K/523888K available (7392K kernel code, 1146K rwdata, 3408K rodata, 1336K init, 1448K bss, 43836K reserved)
Mar 22 18:32:38 capstonealzheimer kernel: [    0.000000] SLUB: HWalign=64, Order=0-3, MinObjects=0, CPUs=1, Nodes=1
Mar 22 18:32:38 capstonealzheimer kernel: [    0.000000] Hierarchical RCU implementation.
Mar 22 18:32:38 capstonealzheimer kernel: [    0.000000] 	RCU dyntick-idle grace-period acceleration is enabled.
Mar 22 18:32:38 capstonealzheimer kernel: [    0.000000] 	RCU restricting CPUs from NR_CPUS=256 to nr_cpu_ids=1.
Mar 22 18:32:38 capstonealzheimer kernel: [    0.000000] 	Offload RCU callbacks from all CPUs
Mar 22 18:32:38 capstonealzheimer kernel: [    0.000000] 	Offload RCU callbacks from CPUs: 0.
Mar 22 18:32:38 capstonealzheimer kernel: [    0.000000] NR_IRQS:16640 nr_irqs:256 16
Mar 22 18:32:38 capstonealzheimer kernel: [    0.000000] Console: colour VGA+ 80x25
Mar 22 18:32:38 capstonealzheimer kernel: [    0.000000] console [tty0] enabled
Mar 22 18:32:38 capstonealzheimer kernel: [    0.000000] allocated 2097152 bytes of page_cgroup
Mar 22 18:32:38 capstonealzheimer kernel: [    0.000000] please try 'cgroup_disable=memory' option if you don't want memory cgroups
Mar 22 18:32:38 capstonealzheimer kernel: [    0.000000] hpet clockevent registered
Mar 22 18:32:38 capstonealzheimer kernel: [    0.000000] tsc: Detected 1999.999 MHz processor
Mar 22 18:32:38 capstonealzheimer kernel: [    0.008000] Calibrating delay loop (skipped) preset value.. 3999.99 BogoMIPS (lpj=7999996)
Mar 22 18:32:38 capstonealzheimer kernel: [    0.008042] pid_max: default: 32768 minimum: 301
Mar 22 18:32:38 capstonealzheimer kernel: [    0.012241] Security Framework initialized
Mar 22 18:32:38 capstonealzheimer kernel: [    0.014353] AppArmor: AppArmor initialized
Mar 22 18:32:38 capstonealzheimer kernel: [    0.016074] Yama: becoming mindful.
Mar 22 18:32:38 capstonealzheimer kernel: [    0.020188] Dentry cache hash table entries: 65536 (order: 7, 524288 bytes)
Mar 22 18:32:38 capstonealzheimer kernel: [    0.025723] Inode-cache hash table entries: 32768 (order: 6, 262144 bytes)
Mar 22 18:32:38 capstonealzheimer kernel: [    0.028000] Mount-cache hash table entries: 1024 (order: 1, 8192 bytes)
Mar 22 18:32:38 capstonealzheimer kernel: [    0.028082] Mountpoint-cache hash table entries: 1024 (order: 1, 8192 bytes)
Mar 22 18:32:38 capstonealzheimer kernel: [    0.032190] Initializing cgroup subsys memory
Mar 22 18:32:38 capstonealzheimer kernel: [    0.034679] Initializing cgroup subsys devices
Mar 22 18:32:38 capstonealzheimer kernel: [    0.036280] Initializing cgroup subsys freezer
Mar 22 18:32:38 capstonealzheimer kernel: [    0.040047] Initializing cgroup subsys blkio
Mar 22 18:32:38 capstonealzheimer kernel: [    0.044043] Initializing cgroup subsys perf_event
Mar 22 18:32:38 capstonealzheimer kernel: [    0.046839] Initializing cgroup subsys hugetlb
Mar 22 18:32:38 capstonealzheimer kernel: [    0.048550] mce: CPU supports 10 MCE banks
Mar 22 18:32:38 capstonealzheimer kernel: [    0.052313] Last level iTLB entries: 4KB 512, 2MB 0, 4MB 0
Mar 22 18:32:38 capstonealzheimer kernel: [    0.052313] Last level dTLB entries: 4KB 512, 2MB 32, 4MB 32
Mar 22 18:32:38 capstonealzheimer kernel: [    0.052313] tlb_flushall_shift: 5
Mar 22 18:32:38 capstonealzheimer kernel: [    0.203404] Freeing SMP alternatives memory: 32K (ffffffff81e6e000 - ffffffff81e76000)
Mar 22 18:32:38 capstonealzheimer kernel: [    0.236000] ACPI: Core revision 20131115
Mar 22 18:32:38 capstonealzheimer kernel: [    0.243483] ACPI: All ACPI Tables successfully acquired
Mar 22 18:32:38 capstonealzheimer kernel: [    0.247235] ftrace: allocating 28585 entries in 112 pages
Mar 22 18:32:38 capstonealzheimer kernel: [    0.301806] Enabling x2apic
Mar 22 18:32:38 capstonealzheimer kernel: [    0.304000] Enabled x2apic
Mar 22 18:32:38 capstonealzheimer kernel: [    0.304038] Switched APIC routing to physical x2apic.
Mar 22 18:32:38 capstonealzheimer kernel: [    0.315413] ..TIMER: vector=0x30 apic1=0 pin1=2 apic2=-1 pin2=-1
Mar 22 18:32:38 capstonealzheimer kernel: [    0.316028] smpboot: CPU0: Intel(R) Xeon(R) CPU E5-2630L 0 @ 2.00GHz (fam: 06, model: 2d, stepping: 07)
Mar 22 18:32:38 capstonealzheimer kernel: [    0.323918] TSC deadline timer enabled
Mar 22 18:32:38 capstonealzheimer kernel: [    0.324000] Performance Events: 16-deep LBR, SandyBridge events, Intel PMU driver.
Mar 22 18:32:38 capstonealzheimer kernel: [    0.328036] perf_event_intel: PEBS disabled due to CPU errata, please upgrade microcode
Mar 22 18:32:38 capstonealzheimer kernel: [    0.331997] ... version:                2
Mar 22 18:32:38 capstonealzheimer kernel: [    0.332036] ... bit width:              48
Mar 22 18:32:38 capstonealzheimer kernel: [    0.333919] ... generic registers:      4
Mar 22 18:32:38 capstonealzheimer kernel: [    0.335790] ... value mask:             0000ffffffffffff
Mar 22 18:32:38 capstonealzheimer kernel: [    0.336034] ... max period:             000000007fffffff
Mar 22 18:32:38 capstonealzheimer kernel: [    0.338074] ... fixed-purpose events:   3
Mar 22 18:32:38 capstonealzheimer kernel: [    0.340034] ... event mask:             000000070000000f
Mar 22 18:32:38 capstonealzheimer kernel: [    0.394967] KVM setup paravirtual spinlock
Mar 22 18:32:38 capstonealzheimer kernel: [    0.404764] x86: Booted up 1 node, 1 CPUs
Mar 22 18:32:38 capstonealzheimer kernel: [    0.406765] smpboot: Total of 1 processors activated (3999.99 BogoMIPS)
Mar 22 18:32:38 capstonealzheimer kernel: [    0.409438] NMI watchdog: enabled on all CPUs, permanently consumes one hw-PMU counter.
Mar 22 18:32:38 capstonealzheimer kernel: [    0.413437] devtmpfs: initialized
Mar 22 18:32:38 capstonealzheimer kernel: [    0.427720] EVM: security.selinux
Mar 22 18:32:38 capstonealzheimer kernel: [    0.428042] EVM: security.SMACK64
Mar 22 18:32:38 capstonealzheimer kernel: [    0.430108] EVM: security.ima
Mar 22 18:32:38 capstonealzheimer kernel: [    0.432037] EVM: security.capability
Mar 22 18:32:38 capstonealzheimer kernel: [    0.441928] pinctrl core: initialized pinctrl subsystem
Mar 22 18:32:38 capstonealzheimer kernel: [    0.444643] regulator-dummy: no parameters
Mar 22 18:32:38 capstonealzheimer kernel: [    0.447688] RTC time: 22:31:35, date: 03/22/16
Mar 22 18:32:38 capstonealzheimer kernel: [    0.448255] NET: Registered protocol family 16
Mar 22 18:32:38 capstonealzheimer kernel: [    0.450381] cpuidle: using governor ladder
Mar 22 18:32:38 capstonealzheimer kernel: [    0.451802] cpuidle: using governor menu
Mar 22 18:32:38 capstonealzheimer kernel: [    0.452207] ACPI: bus type PCI registered
Mar 22 18:32:38 capstonealzheimer kernel: [    0.453575] acpiphp: ACPI Hot Plug PCI Controller Driver version: 0.5
Mar 22 18:32:38 capstonealzheimer kernel: [    0.455813] PCI: Using configuration type 1 for base access
Mar 22 18:32:38 capstonealzheimer kernel: [    0.460082] bio: create slab <bio-0> at 0
Mar 22 18:32:38 capstonealzheimer kernel: [    0.462585] ACPI: Added _OSI(Module Device)
Mar 22 18:32:38 capstonealzheimer kernel: [    0.464035] ACPI: Added _OSI(Processor Device)
Mar 22 18:32:38 capstonealzheimer kernel: [    0.465412] ACPI: Added _OSI(3.0 _SCP Extensions)
Mar 22 18:32:38 capstonealzheimer kernel: [    0.466811] ACPI: Added _OSI(Processor Aggregator Device)
Mar 22 18:32:38 capstonealzheimer kernel: [    0.475714] ACPI: Interpreter enabled
Mar 22 18:32:38 capstonealzheimer kernel: [    0.476043] ACPI Exception: AE_NOT_FOUND, While evaluating Sleep State [\_S1_] (20131115/hwxface-580)
Mar 22 18:32:38 capstonealzheimer kernel: [    0.479639] ACPI Exception: AE_NOT_FOUND, While evaluating Sleep State [\_S2_] (20131115/hwxface-580)
Mar 22 18:32:38 capstonealzheimer kernel: [    0.482516] ACPI: (supports S0 S3 S4 S5)
Mar 22 18:32:38 capstonealzheimer kernel: [    0.483848] ACPI: Using IOAPIC for interrupt routing
Mar 22 18:32:38 capstonealzheimer kernel: [    0.484118] PCI: Using host bridge windows from ACPI; if necessary, use "pci=nocrs" and report a bug
Mar 22 18:32:38 capstonealzheimer kernel: [    0.487841] ACPI: No dock devices found.
Mar 22 18:32:38 capstonealzheimer kernel: [    0.500732] ACPI: PCI Root Bridge [PCI0] (domain 0000 [bus 00-ff])
Mar 22 18:32:38 capstonealzheimer kernel: [    0.502328] acpi PNP0A03:00: _OSC: OS supports [ASPM ClockPM Segments MSI]
Mar 22 18:32:38 capstonealzheimer kernel: [    0.504049] acpi PNP0A03:00: _OSC failed (AE_NOT_FOUND); disabling ASPM
Mar 22 18:32:38 capstonealzheimer kernel: [    0.506015] acpi PNP0A03:00: fail to add MMCONFIG information, can't access extended PCI configuration space under this bridge.
Mar 22 18:32:38 capstonealzheimer kernel: [    0.509631] acpiphp: Slot [3] registered
Mar 22 18:32:38 capstonealzheimer kernel: [    0.511919] acpiphp: Slot [4] registered
Mar 22 18:32:38 capstonealzheimer kernel: [    0.512166] acpiphp: Slot [5] registered
Mar 22 18:32:38 capstonealzheimer kernel: [    0.514370] acpiphp: Slot [6] registered
Mar 22 18:32:38 capstonealzheimer kernel: [    0.516161] acpiphp: Slot [7] registered
Mar 22 18:32:38 capstonealzheimer kernel: [    0.518196] acpiphp: Slot [8] registered
Mar 22 18:32:38 capstonealzheimer kernel: [    0.519879] acpiphp: Slot [9] registered
Mar 22 18:32:38 capstonealzheimer kernel: [    0.520206] acpiphp: Slot [10] registered
Mar 22 18:32:38 capstonealzheimer kernel: [    0.521914] acpiphp: Slot [11] registered
Mar 22 18:32:38 capstonealzheimer kernel: [    0.524229] acpiphp: Slot [12] registered
Mar 22 18:32:38 capstonealzheimer kernel: [    0.526322] acpiphp: Slot [13] registered
Mar 22 18:32:38 capstonealzheimer kernel: [    0.528231] acpiphp: Slot [14] registered
Mar 22 18:32:38 capstonealzheimer kernel: [    0.530443] acpiphp: Slot [15] registered
Mar 22 18:32:38 capstonealzheimer kernel: [    0.532198] acpiphp: Slot [16] registered
Mar 22 18:32:38 capstonealzheimer kernel: [    0.534787] acpiphp: Slot [17] registered
Mar 22 18:32:38 capstonealzheimer kernel: [    0.536170] acpiphp: Slot [18] registered
Mar 22 18:32:38 capstonealzheimer kernel: [    0.539010] acpiphp: Slot [19] registered
Mar 22 18:32:38 capstonealzheimer kernel: [    0.540158] acpiphp: Slot [20] registered
Mar 22 18:32:38 capstonealzheimer kernel: [    0.542125] acpiphp: Slot [21] registered
Mar 22 18:32:38 capstonealzheimer kernel: [    0.544172] acpiphp: Slot [22] registered
Mar 22 18:32:38 capstonealzheimer kernel: [    0.546928] acpiphp: Slot [23] registered
Mar 22 18:32:38 capstonealzheimer kernel: [    0.548316] acpiphp: Slot [24] registered
Mar 22 18:32:38 capstonealzheimer kernel: [    0.550837] acpiphp: Slot [25] registered
Mar 22 18:32:38 capstonealzheimer kernel: [    0.552225] acpiphp: Slot [26] registered
Mar 22 18:32:38 capstonealzheimer kernel: [    0.554709] acpiphp: Slot [27] registered
Mar 22 18:32:38 capstonealzheimer kernel: [    0.556203] acpiphp: Slot [28] registered
Mar 22 18:32:38 capstonealzheimer kernel: [    0.558200] acpiphp: Slot [29] registered
Mar 22 18:32:38 capstonealzheimer kernel: [    0.560200] acpiphp: Slot [30] registered
Mar 22 18:32:38 capstonealzheimer kernel: [    0.562557] acpiphp: Slot [31] registered
Mar 22 18:32:38 capstonealzheimer kernel: [    0.564090] PCI host bridge to bus 0000:00
Mar 22 18:32:38 capstonealzheimer kernel: [    0.565714] pci_bus 0000:00: root bus resource [bus 00-ff]
Mar 22 18:32:38 capstonealzheimer kernel: [    0.568074] pci_bus 0000:00: root bus resource [io  0x0000-0x0cf7]
Mar 22 18:32:38 capstonealzheimer kernel: [    0.570396] pci_bus 0000:00: root bus resource [io  0x0d00-0xffff]
Mar 22 18:32:38 capstonealzheimer kernel: [    0.572043] pci_bus 0000:00: root bus resource [mem 0x000a0000-0x000bffff]
Mar 22 18:32:38 capstonealzheimer kernel: [    0.574169] pci_bus 0000:00: root bus resource [mem 0x80000000-0xfebfffff]
Mar 22 18:32:38 capstonealzheimer kernel: [    0.576606] pci 0000:00:00.0: [8086:1237] type 00 class 0x060000
Mar 22 18:32:38 capstonealzheimer kernel: [    0.582599] pci 0000:00:01.0: [8086:7000] type 00 class 0x060100
Mar 22 18:32:38 capstonealzheimer kernel: [    0.590320] pci 0000:00:01.1: [8086:7010] type 00 class 0x010180
Mar 22 18:32:38 capstonealzheimer kernel: [    0.632159] pci 0000:00:01.1: reg 0x20: [io  0xc100-0xc10f]
Mar 22 18:32:38 capstonealzheimer kernel: [    0.657406] pci 0000:00:01.2: [8086:7020] type 00 class 0x0c0300
Mar 22 18:32:38 capstonealzheimer kernel: [    0.696082] pci 0000:00:01.2: reg 0x20: [io  0xc080-0xc09f]
Mar 22 18:32:38 capstonealzheimer kernel: [    0.709692] pci 0000:00:01.3: [8086:7113] type 00 class 0x068000
Mar 22 18:32:38 capstonealzheimer kernel: [    0.715680] pci 0000:00:01.3: quirk: [io  0xb000-0xb03f] claimed by PIIX4 ACPI
Mar 22 18:32:38 capstonealzheimer kernel: [    0.716205] pci 0000:00:01.3: quirk: [io  0xb100-0xb10f] claimed by PIIX4 SMB
Mar 22 18:32:38 capstonealzheimer kernel: [    0.723886] pci 0000:00:02.0: [1013:00b8] type 00 class 0x030000
Mar 22 18:32:38 capstonealzheimer kernel: [    0.732842] pci 0000:00:02.0: reg 0x10: [mem 0xfc000000-0xfdffffff pref]
Mar 22 18:32:38 capstonealzheimer kernel: [    0.741121] pci 0000:00:02.0: reg 0x14: [mem 0xfebd0000-0xfebd0fff]
Mar 22 18:32:38 capstonealzheimer kernel: [    0.780317] pci 0000:00:02.0: reg 0x30: [mem 0xfebc0000-0xfebcffff pref]
Mar 22 18:32:38 capstonealzheimer kernel: [    0.788072] pci 0000:00:03.0: [1af4:1000] type 00 class 0x020000
Mar 22 18:32:38 capstonealzheimer kernel: [    0.796082] pci 0000:00:03.0: reg 0x10: [io  0xc0a0-0xc0bf]
Mar 22 18:32:38 capstonealzheimer kernel: [    0.808083] pci 0000:00:03.0: reg 0x14: [mem 0xfebd1000-0xfebd1fff]
Mar 22 18:32:38 capstonealzheimer kernel: [    0.856158] pci 0000:00:03.0: reg 0x30: [mem 0xfeb40000-0xfeb7ffff pref]
Mar 22 18:32:38 capstonealzheimer kernel: [    0.862845] pci 0000:00:04.0: [1af4:1000] type 00 class 0x020000
Mar 22 18:32:38 capstonealzheimer kernel: [    0.868159] pci 0000:00:04.0: reg 0x10: [io  0xc0c0-0xc0df]
Mar 22 18:32:38 capstonealzheimer kernel: [    0.876121] pci 0000:00:04.0: reg 0x14: [mem 0xfebd2000-0xfebd2fff]
Mar 22 18:32:38 capstonealzheimer kernel: [    0.920117] pci 0000:00:04.0: reg 0x30: [mem 0xfeb80000-0xfebbffff pref]
Mar 22 18:32:38 capstonealzheimer kernel: [    0.926201] pci 0000:00:05.0: [1af4:1004] type 00 class 0x010000
Mar 22 18:32:38 capstonealzheimer kernel: [    0.932084] pci 0000:00:05.0: reg 0x10: [io  0xc000-0xc03f]
Mar 22 18:32:38 capstonealzheimer kernel: [    0.944088] pci 0000:00:05.0: reg 0x14: [mem 0xfebd3000-0xfebd3fff]
Mar 22 18:32:38 capstonealzheimer kernel: [    0.988953] pci 0000:00:06.0: [1af4:1001] type 00 class 0x010000
Mar 22 18:32:38 capstonealzheimer kernel: [    0.996042] pci 0000:00:06.0: reg 0x10: [io  0xc040-0xc07f]
Mar 22 18:32:38 capstonealzheimer kernel: [    1.004045] pci 0000:00:06.0: reg 0x14: [mem 0xfebd4000-0xfebd4fff]
Mar 22 18:32:38 capstonealzheimer kernel: [    1.046111] pci 0000:00:07.0: [1af4:1002] type 00 class 0x00ff00
Mar 22 18:32:38 capstonealzheimer kernel: [    1.050207] pci 0000:00:07.0: reg 0x10: [io  0xc0e0-0xc0ff]
Mar 22 18:32:38 capstonealzheimer kernel: [    1.083217] ACPI: PCI Interrupt Link [LNKA] (IRQs 5 *10 11)
Mar 22 18:32:38 capstonealzheimer kernel: [    1.088996] ACPI: PCI Interrupt Link [LNKB] (IRQs 5 *10 11)
Mar 22 18:32:38 capstonealzheimer kernel: [    1.092638] ACPI: PCI Interrupt Link [LNKC] (IRQs 5 10 *11)
Mar 22 18:32:38 capstonealzheimer kernel: [    1.096516] ACPI: PCI Interrupt Link [LNKD] (IRQs 5 10 *11)
Mar 22 18:32:38 capstonealzheimer kernel: [    1.100439] ACPI: PCI Interrupt Link [LNKS] (IRQs *9)
Mar 22 18:32:38 capstonealzheimer kernel: [    1.106804] ACPI: Enabled 16 GPEs in block 00 to 0F
Mar 22 18:32:38 capstonealzheimer kernel: [    1.108112] ACPI: \_SB_.PCI0: notify handler is installed
Mar 22 18:32:38 capstonealzheimer kernel: [    1.108278] Found 1 acpi root devices
Mar 22 18:32:38 capstonealzheimer kernel: [    1.110878] vgaarb: setting as boot device: PCI:0000:00:02.0
Mar 22 18:32:38 capstonealzheimer kernel: [    1.112000] vgaarb: device added: PCI:0000:00:02.0,decodes=io+mem,owns=io+mem,locks=none
Mar 22 18:32:38 capstonealzheimer kernel: [    1.112043] vgaarb: loaded
Mar 22 18:32:38 capstonealzheimer kernel: [    1.113807] vgaarb: bridge control possible 0000:00:02.0
Mar 22 18:32:38 capstonealzheimer kernel: [    1.118372] SCSI subsystem initialized
Mar 22 18:32:38 capstonealzheimer kernel: [    1.121409] libata version 3.00 loaded.
Mar 22 18:32:38 capstonealzheimer kernel: [    1.121726] ACPI: bus type USB registered
Mar 22 18:32:38 capstonealzheimer kernel: [    1.124272] usbcore: registered new interface driver usbfs
Mar 22 18:32:38 capstonealzheimer kernel: [    1.126834] usbcore: registered new interface driver hub
Mar 22 18:32:38 capstonealzheimer kernel: [    1.128320] usbcore: registered new device driver usb
Mar 22 18:32:38 capstonealzheimer kernel: [    1.131562] PCI: Using ACPI for IRQ routing
Mar 22 18:32:38 capstonealzheimer kernel: [    1.132079] PCI: pci_cache_line_size set to 64 bytes
Mar 22 18:32:38 capstonealzheimer kernel: [    1.133215] e820: reserve RAM buffer [mem 0x0009fc00-0x0009ffff]
Mar 22 18:32:38 capstonealzheimer kernel: [    1.133247] e820: reserve RAM buffer [mem 0x1fffe000-0x1fffffff]
Mar 22 18:32:38 capstonealzheimer kernel: [    1.134363] NetLabel: Initializing
Mar 22 18:32:38 capstonealzheimer kernel: [    1.136043] NetLabel:  domain hash size = 128
Mar 22 18:32:38 capstonealzheimer kernel: [    1.137634] NetLabel:  protocols = UNLABELED CIPSOv4
Mar 22 18:32:38 capstonealzheimer kernel: [    1.139790] NetLabel:  unlabeled traffic allowed by default
Mar 22 18:32:38 capstonealzheimer kernel: [    1.140954] hpet0: at MMIO 0xfed00000, IRQs 2, 8, 0
Mar 22 18:32:38 capstonealzheimer kernel: [    1.145230] hpet0: 3 comparators, 64-bit 100.000000 MHz counter
Mar 22 18:32:38 capstonealzheimer kernel: [    1.152410] Switched to clocksource kvm-clock
Mar 22 18:32:38 capstonealzheimer kernel: [    1.238311] AppArmor: AppArmor Filesystem Enabled
Mar 22 18:32:38 capstonealzheimer kernel: [    1.243155] pnp: PnP ACPI init
Mar 22 18:32:38 capstonealzheimer kernel: [    1.247391] ACPI: bus type PNP registered
Mar 22 18:32:38 capstonealzheimer kernel: [    1.252519] pnp 00:00: Plug and Play ACPI device, IDs PNP0b00 (active)
Mar 22 18:32:38 capstonealzheimer kernel: [    1.253278] pnp 00:01: Plug and Play ACPI device, IDs PNP0303 (active)
Mar 22 18:32:38 capstonealzheimer kernel: [    1.253804] pnp 00:02: Plug and Play ACPI device, IDs PNP0f13 (active)
Mar 22 18:32:38 capstonealzheimer kernel: [    1.254358] pnp 00:03: [dma 2]
Mar 22 18:32:38 capstonealzheimer kernel: [    1.254521] pnp 00:03: Plug and Play ACPI device, IDs PNP0700 (active)
Mar 22 18:32:38 capstonealzheimer kernel: [    1.255560] pnp 00:04: Plug and Play ACPI device, IDs PNP0501 (active)
Mar 22 18:32:38 capstonealzheimer kernel: [    1.257603] pnp 00:05: Plug and Play ACPI device, IDs PNP0103 (active)
Mar 22 18:32:38 capstonealzheimer kernel: [    1.258559] pnp: PnP ACPI: found 6 devices
Mar 22 18:32:38 capstonealzheimer kernel: [    1.261680] ACPI: bus type PNP unregistered
Mar 22 18:32:38 capstonealzheimer kernel: [    1.297567] pci_bus 0000:00: resource 4 [io  0x0000-0x0cf7]
Mar 22 18:32:38 capstonealzheimer kernel: [    1.297605] pci_bus 0000:00: resource 5 [io  0x0d00-0xffff]
Mar 22 18:32:38 capstonealzheimer kernel: [    1.297609] pci_bus 0000:00: resource 6 [mem 0x000a0000-0x000bffff]
Mar 22 18:32:38 capstonealzheimer kernel: [    1.297642] pci_bus 0000:00: resource 7 [mem 0x80000000-0xfebfffff]
Mar 22 18:32:38 capstonealzheimer kernel: [    1.298089] NET: Registered protocol family 2
Mar 22 18:32:38 capstonealzheimer kernel: [    1.304689] TCP established hash table entries: 4096 (order: 3, 32768 bytes)
Mar 22 18:32:38 capstonealzheimer kernel: [    1.308662] TCP bind hash table entries: 4096 (order: 4, 65536 bytes)
Mar 22 18:32:38 capstonealzheimer kernel: [    1.311454] TCP: Hash tables configured (established 4096 bind 4096)
Mar 22 18:32:38 capstonealzheimer kernel: [    1.314573] TCP: reno registered
Mar 22 18:32:38 capstonealzheimer kernel: [    1.316384] UDP hash table entries: 256 (order: 1, 8192 bytes)
Mar 22 18:32:38 capstonealzheimer kernel: [    1.318944] UDP-Lite hash table entries: 256 (order: 1, 8192 bytes)
Mar 22 18:32:38 capstonealzheimer kernel: [    1.322784] NET: Registered protocol family 1
Mar 22 18:32:38 capstonealzheimer kernel: [    1.326107] pci 0000:00:00.0: Limiting direct PCI/PCI transfers
Mar 22 18:32:38 capstonealzheimer kernel: [    1.328397] pci 0000:00:01.0: PIIX3: Enabling Passive Release
Mar 22 18:32:38 capstonealzheimer kernel: [    1.331071] pci 0000:00:01.0: Activating ISA DMA hang workarounds
Mar 22 18:32:38 capstonealzheimer kernel: [    1.336434] ACPI: PCI Interrupt Link [LNKD] enabled at IRQ 11
Mar 22 18:32:38 capstonealzheimer kernel: [    1.347451] pci 0000:00:02.0: Video device with shadowed ROM
Mar 22 18:32:38 capstonealzheimer kernel: [    1.347925] PCI: CLS 0 bytes, default 64
Mar 22 18:32:38 capstonealzheimer kernel: [    1.349173] Trying to unpack rootfs image as initramfs...
Mar 22 18:32:38 capstonealzheimer kernel: [    4.823858] Freeing initrd memory: 18896K (ffff88001ed7c000 - ffff88001fff0000)
Mar 22 18:32:38 capstonealzheimer kernel: [    4.833385] microcode: CPU0 sig=0x206d7, pf=0x1, revision=0x1
Mar 22 18:32:38 capstonealzheimer kernel: [    4.839031] microcode: Microcode Update Driver: v2.00 <tigran@aivazian.fsnet.co.uk>, Peter Oruba
Mar 22 18:32:38 capstonealzheimer kernel: [    4.847796] Scanning for low memory corruption every 60 seconds
Mar 22 18:32:38 capstonealzheimer kernel: [    4.857125] Initialise system trusted keyring
Mar 22 18:32:38 capstonealzheimer kernel: [    4.862686] audit: initializing netlink socket (disabled)
Mar 22 18:32:38 capstonealzheimer kernel: [    4.867614] type=2000 audit(1458685899.492:1): initialized
Mar 22 18:32:38 capstonealzheimer kernel: [    5.135734] HugeTLB registered 2 MB page size, pre-allocated 0 pages
Mar 22 18:32:38 capstonealzheimer kernel: [    5.165553] zbud: loaded
Mar 22 18:32:38 capstonealzheimer kernel: [    5.172760] VFS: Disk quotas dquot_6.5.2
Mar 22 18:32:38 capstonealzheimer kernel: [    5.180445] Dquot-cache hash table entries: 512 (order 0, 4096 bytes)
Mar 22 18:32:38 capstonealzheimer kernel: [    5.197383] fuse init (API version 7.22)
Mar 22 18:32:38 capstonealzheimer kernel: [    5.204265] msgmni has been set to 974
Mar 22 18:32:38 capstonealzheimer kernel: [    5.210745] Key type big_key registered
Mar 22 18:32:38 capstonealzheimer kernel: [    5.224401] Key type asymmetric registered
Mar 22 18:32:38 capstonealzheimer kernel: [    5.229998] Asymmetric key parser 'x509' registered
Mar 22 18:32:38 capstonealzheimer kernel: [    5.237132] Block layer SCSI generic (bsg) driver version 0.4 loaded (major 252)
Mar 22 18:32:38 capstonealzheimer kernel: [    5.246853] io scheduler noop registered
Mar 22 18:32:38 capstonealzheimer kernel: [    5.252264] io scheduler deadline registered (default)
Mar 22 18:32:38 capstonealzheimer kernel: [    5.259029] io scheduler cfq registered
Mar 22 18:32:38 capstonealzheimer kernel: [    5.266593] pci_hotplug: PCI Hot Plug PCI Core version: 0.5
Mar 22 18:32:38 capstonealzheimer kernel: [    5.272198] pciehp: PCI Express Hot Plug Controller Driver version: 0.4
Mar 22 18:32:38 capstonealzheimer kernel: [    5.277722] intel_idle: does not run on family 6 model 45
Mar 22 18:32:38 capstonealzheimer kernel: [    5.277837] ipmi message handler version 39.2
Mar 22 18:32:38 capstonealzheimer kernel: [    5.285323] input: Power Button as /devices/LNXSYSTM:00/LNXPWRBN:00/input/input0
Mar 22 18:32:38 capstonealzheimer kernel: [    5.293375] ACPI: Power Button [PWRF]
Mar 22 18:32:38 capstonealzheimer kernel: [    5.300500] GHES: HEST is not enabled!
Mar 22 18:32:38 capstonealzheimer kernel: [    5.311427] ACPI: PCI Interrupt Link [LNKC] enabled at IRQ 10
Mar 22 18:32:38 capstonealzheimer kernel: [    5.348261] ACPI: PCI Interrupt Link [LNKA] enabled at IRQ 10
Mar 22 18:32:38 capstonealzheimer kernel: [    5.362549] ACPI: PCI Interrupt Link [LNKB] enabled at IRQ 11
Mar 22 18:32:38 capstonealzheimer kernel: [    5.395341] Serial: 8250/16550 driver, 32 ports, IRQ sharing enabled
Mar 22 18:32:38 capstonealzheimer kernel: [    5.484303] 00:04: ttyS0 at I/O 0x3f8 (irq = 4, base_baud = 115200) is a 16550A
Mar 22 18:32:38 capstonealzheimer kernel: [    5.527433] Linux agpgart interface v0.103
Mar 22 18:32:38 capstonealzheimer kernel: [    5.571019] brd: module loaded
Mar 22 18:32:38 capstonealzheimer kernel: [    5.596926] loop: module loaded
Mar 22 18:32:38 capstonealzheimer kernel: [    5.607810] virtio-pci 0000:00:06.0: irq 40 for MSI/MSI-X
Mar 22 18:32:38 capstonealzheimer kernel: [    5.608489] virtio-pci 0000:00:06.0: irq 41 for MSI/MSI-X
Mar 22 18:32:38 capstonealzheimer kernel: [    5.613175] blk-mq: CPU -> queue map
Mar 22 18:32:38 capstonealzheimer kernel: [    5.621383]   CPU 0 -> Queue 0
Mar 22 18:32:38 capstonealzheimer kernel: [    5.660288]  vda: vda1
Mar 22 18:32:38 capstonealzheimer kernel: [    5.672700] ata_piix 0000:00:01.1: version 2.13
Mar 22 18:32:38 capstonealzheimer kernel: [    5.697075] scsi0 : ata_piix
Mar 22 18:32:38 capstonealzheimer kernel: [    5.705080] scsi1 : ata_piix
Mar 22 18:32:38 capstonealzheimer kernel: [    5.712363] ata1: PATA max MWDMA2 cmd 0x1f0 ctl 0x3f6 bmdma 0xc100 irq 14
Mar 22 18:32:38 capstonealzheimer kernel: [    5.718650] ata2: PATA max MWDMA2 cmd 0x170 ctl 0x376 bmdma 0xc108 irq 15
Mar 22 18:32:38 capstonealzheimer kernel: [    5.738144] libphy: Fixed MDIO Bus: probed
Mar 22 18:32:38 capstonealzheimer kernel: [    5.744706] tun: Universal TUN/TAP device driver, 1.6
Mar 22 18:32:38 capstonealzheimer kernel: [    5.750432] tun: (C) 1999-2004 Max Krasnyansky <maxk@qualcomm.com>
Mar 22 18:32:38 capstonealzheimer kernel: [    5.765604] virtio-pci 0000:00:03.0: irq 42 for MSI/MSI-X
